<html>
<body>
<pre>
<h1>µVision Build Log</h1>
<h2>Tool Versions:</h2>
IDE-Version: ¦ÌVision V5.34.0.0
Copyright (C) 2021 ARM Ltd and ARM Germany GmbH. All rights reserved.
License Information: y Administrator, y, LIC=9WSKC-7XI6E-IIS5V-P1SFT-IGF93-KS7M2
 
Tool Versions:
Toolchain:       MDK-ARM Plus  Version: 5.34.0.0
Toolchain Path:  C:\Keil_v5\ARM\ARMCC\Bin
C Compiler:      Armcc.exe V5.06 update 7 (build 960)
Assembler:       Armasm.exe V5.06 update 7 (build 960)
Linker/Locator:  ArmLink.exe V5.06 update 7 (build 960)
Library Manager: ArmAr.exe V5.06 update 7 (build 960)
Hex Converter:   FromElf.exe V5.06 update 7 (build 960)
CPU DLL:         SARMCM3.DLL V5.34.0.0
Dialog DLL:      DCM.DLL V1.17.3.0
Target DLL:      UL2CM3.DLL V1.163.9.0
Dialog DLL:      TCM.DLL V1.48.0.0
 
<h2>Project:</h2>
F:\molo\GDEMS\GDEMS\MDK-ARM\ems.uvprojx
Project File Date:  05/11/2023

<h2>Output:</h2>
*** Using Compiler 'V5.06 update 7 (build 960)', folder: 'C:\Keil_v5\ARM\ARMCC\Bin'
Rebuild target 'EMS'
Note: source file '..\USER\Rtc\Rtc.c' - object file renamed from 'GDEMS\Rtc.o' to 'GDEMS\rtc_1.o'.
assembling startup_stm32f107xc.s...
compiling EMS.c...
compiling SysControl.c...
compiling MpptCon.c...
compiling gpio.c...
compiling main.c...
compiling freertos.c...
compiling adc.c...
compiling can.c...
compiling dma.c...
compiling i2c.c...
compiling rtc.c...
compiling tim.c...
compiling usart.c...
compiling stm32f1xx_it.c...
compiling stm32f1xx_hal_msp.c...
compiling stm32f1xx_hal_timebase_tim.c...
compiling stm32f1xx_hal_gpio_ex.c...
compiling stm32f1xx_hal_eth.c...
compiling stm32f1xx_hal.c...
compiling stm32f1xx_hal_rcc_ex.c...
compiling stm32f1xx_hal_rcc.c...
compiling stm32f1xx_hal_gpio.c...
compiling stm32f1xx_hal_cortex.c...
compiling stm32f1xx_hal_dma.c...
compiling stm32f1xx_hal_pwr.c...
compiling stm32f1xx_hal_exti.c...
compiling stm32f1xx_hal_flash_ex.c...
compiling stm32f1xx_hal_flash.c...
compiling stm32f1xx_hal_adc_ex.c...
compiling stm32f1xx_hal_can.c...
compiling stm32f1xx_hal_adc.c...
compiling stm32f1xx_hal_rtc_ex.c...
compiling stm32f1xx_hal_i2c.c...
compiling stm32f1xx_hal_rtc.c...
compiling stm32f1xx_hal_uart.c...
compiling stm32f1xx_hal_tim_ex.c...
compiling croutine.c...
compiling event_groups.c...
compiling stm32f1xx_hal_tim.c...
compiling list.c...
compiling queue.c...
compiling stream_buffer.c...
compiling timers.c...
compiling tasks.c...
compiling heap_4.c...
compiling cmsis_os.c...
compiling port.c...
compiling system_stm32f1xx.c...
compiling lwip.c...
compiling app_ethernet.c...
compiling ethernetif.c...
compiling ccp.c...
compiling auth.c...
compiling ethernetif_template.c...
compiling chap_ms.c...
compiling chap-md5.c...
compiling chap-new.c...
compiling eap.c...
compiling eui64.c...
compiling demand.c...
compiling fsm.c...
compiling ipcp.c...
compiling ipv6cp.c...
compiling lcp.c...
compiling mppe.c...
compiling magic.c...
compiling multilink.c...
compiling ppp.c...
compiling pppapi.c...
compiling pppcrypt.c...
compiling pppoe.c...
compiling pppol2tp.c...
compiling pppos.c...
compiling upap.c...
compiling utils.c...
compiling vj.c...
compiling lowpan6.c...
compiling slipif.c...
compiling ethernet.c...
compiling ecp.c...
compiling api_msg.c...
compiling api_lib.c...
compiling err.c...
compiling netdb.c...
compiling netbuf.c...
compiling netifapi.c...
compiling tcpip.c...
compiling sockets.c...
compiling def.c...
compiling dns.c...
compiling inet_chksum.c...
compiling mem.c...
compiling ip.c...
compiling init.c...
compiling netif.c...
compiling memp.c...
compiling pbuf.c...
compiling raw.c...
compiling stats.c...
compiling sys.c...
compiling tcp.c...
compiling tcp_out.c...
compiling tcp_in.c...
compiling timeouts.c...
compiling autoip.c...
compiling dhcp.c...
compiling udp.c...
compiling igmp.c...
compiling icmp.c...
compiling etharp.c...
compiling ip4_addr.c...
compiling ip4_frag.c...
compiling ip4.c...
compiling icmp6.c...
compiling dhcp6.c...
compiling ethip6.c...
compiling ip6_addr.c...
compiling inet6.c...
compiling ip6.c...
compiling mld6.c...
compiling nd6.c...
compiling ip6_frag.c...
compiling sys_arch.c...
compiling dealusart_task.c...
compiling mqtt.c...
compiling Eeprom.c...
compiling can_task.c...
compiling can2_task.c...
compiling Dido.c...
compiling Lcd.c...
compiling Rtc.c...
compiling bsmNet.c...
compiling phy.c...
compiling pcsNet.c...
linking...
Program Size: Code=103084 RO-data=2532 RW-data=664 ZI-data=59584  
FromELF: creating hex file...
"GDEMS\ems.axf" - 0 Error(s), 0 Warning(s).

<h2>Software Packages used:</h2>

Package Vendor: ARM
                http://www.keil.com/pack/ARM.CMSIS.5.7.0.pack
                ARM.CMSIS.5.7.0
                CMSIS (Cortex Microcontroller Software Interface Standard)
   * Component: CORE Version: 5.4.0

Package Vendor: Keil
                http://www.keil.com/pack/Keil.STM32F1xx_DFP.2.3.0.pack
                Keil.STM32F1xx_DFP.2.3.0
                STMicroelectronics STM32F1 Series Device Support, Drivers and Examples

<h2>Collection of Component include folders:</h2>
  .\RTE\_EMS
  C:\Keil_v5\ARM\CMSIS\5.7.0\CMSIS\Core\Include
  C:\Keil_v5\Keil\STM32F1xx_DFP\2.3.0\Device\Include

<h2>Collection of Component Files used:</h2>

   * Component: ARM::CMSIS:CORE:5.4.0
Build Time Elapsed:  00:04:48
</pre>
</body>
</html>
