Component: ARM Compiler 5.06 update 7 (build 960) Tool: armlink [4d3601]

==============================================================================

Section Cross References

    startup_stm32f107xc.o(RESET) refers to startup_stm32f107xc.o(STACK) for __initial_sp
    startup_stm32f107xc.o(RESET) refers to startup_stm32f107xc.o(.text) for Reset_Handler
    startup_stm32f107xc.o(RESET) refers to stm32f1xx_it.o(i.NMI_Handler) for NMI_Handler
    startup_stm32f107xc.o(RESET) refers to stm32f1xx_it.o(i.HardFault_Handler) for HardFault_Handler
    startup_stm32f107xc.o(RESET) refers to stm32f1xx_it.o(i.MemManage_Handler) for MemManage_Handler
    startup_stm32f107xc.o(RESET) refers to stm32f1xx_it.o(i.BusFault_Handler) for BusFault_Handler
    startup_stm32f107xc.o(RESET) refers to stm32f1xx_it.o(i.UsageFault_Handler) for UsageFault_Handler
    startup_stm32f107xc.o(RESET) refers to port.o(.emb_text) for SVC_Handler
    startup_stm32f107xc.o(RESET) refers to stm32f1xx_it.o(i.DebugMon_Handler) for DebugMon_Handler
    startup_stm32f107xc.o(RESET) refers to port.o(i.SysTick_Handler) for SysTick_Handler
    startup_stm32f107xc.o(RESET) refers to stm32f1xx_it.o(i.DMA1_Channel1_IRQHandler) for DMA1_Channel1_IRQHandler
    startup_stm32f107xc.o(RESET) refers to stm32f1xx_it.o(i.CAN1_RX0_IRQHandler) for CAN1_RX0_IRQHandler
    startup_stm32f107xc.o(RESET) refers to stm32f1xx_it.o(i.TIM2_IRQHandler) for TIM2_IRQHandler
    startup_stm32f107xc.o(RESET) refers to stm32f1xx_it.o(i.TIM3_IRQHandler) for TIM3_IRQHandler
    startup_stm32f107xc.o(RESET) refers to stm32f1xx_it.o(i.USART1_IRQHandler) for USART1_IRQHandler
    startup_stm32f107xc.o(RESET) refers to stm32f1xx_it.o(i.USART2_IRQHandler) for USART2_IRQHandler
    startup_stm32f107xc.o(RESET) refers to stm32f1xx_it.o(i.USART3_IRQHandler) for USART3_IRQHandler
    startup_stm32f107xc.o(RESET) refers to stm32f1xx_it.o(i.UART5_IRQHandler) for UART5_IRQHandler
    startup_stm32f107xc.o(RESET) refers to stm32f1xx_it.o(i.ETH_IRQHandler) for ETH_IRQHandler
    startup_stm32f107xc.o(RESET) refers to stm32f1xx_it.o(i.CAN2_RX0_IRQHandler) for CAN2_RX0_IRQHandler
    startup_stm32f107xc.o(.text) refers to system_stm32f1xx.o(i.SystemInit) for SystemInit
    startup_stm32f107xc.o(.text) refers to entry.o(.ARM.Collect$$$$00000000) for __main
    ems.o(i.AlonePVMode) refers to ems.o(i.BMSCheck) for BMSCheck
    ems.o(i.AlonePVMode) refers to ffixi.o(.text) for __aeabi_f2iz
    ems.o(i.AlonePVMode) refers to ffixui.o(.text) for __aeabi_f2uiz
    ems.o(i.AlonePVMode) refers to ems.o(i.GridOff) for GridOff
    ems.o(i.AlonePVMode) refers to ems.o(i.Restrictive_Batt) for Restrictive_Batt
    ems.o(i.AlonePVMode) refers to pcsnet.o(i.SetPcs) for SetPcs
    ems.o(i.AlonePVMode) refers to mpptcon.o(i.SetMppt) for SetMppt
    ems.o(i.AlonePVMode) refers to syscontrol.o(.bss) for PcsData
    ems.o(i.AlonePVMode) refers to ems.o(.data) for Data32_Temp
    ems.o(i.BMSCheck) refers to syscontrol.o(.bss) for Para
    ems.o(i.BattFirst) refers to fadd.o(.text) for __aeabi_fsub
    ems.o(i.BattFirst) refers to ffixi.o(.text) for __aeabi_f2iz
    ems.o(i.BattFirst) refers to ems.o(i.BMSCheck) for BMSCheck
    ems.o(i.BattFirst) refers to ffixui.o(.text) for __aeabi_f2uiz
    ems.o(i.BattFirst) refers to ems.o(i.Restrictive_Batt) for Restrictive_Batt
    ems.o(i.BattFirst) refers to pcsnet.o(i.SetPcs) for SetPcs
    ems.o(i.BattFirst) refers to mpptcon.o(i.SetMppt) for SetMppt
    ems.o(i.BattFirst) refers to syscontrol.o(.bss) for ActualValue
    ems.o(i.BattFirst) refers to ems.o(.data) for Surplus
    ems.o(i.DieselEngineMode) refers to fadd.o(.text) for __aeabi_fsub
    ems.o(i.DieselEngineMode) refers to ffixi.o(.text) for __aeabi_f2iz
    ems.o(i.DieselEngineMode) refers to ems.o(i.BMSCheck) for BMSCheck
    ems.o(i.DieselEngineMode) refers to cfrcmple.o(.text) for __aeabi_cfrcmple
    ems.o(i.DieselEngineMode) refers to ffixui.o(.text) for __aeabi_f2uiz
    ems.o(i.DieselEngineMode) refers to ems.o(i.GridOff) for GridOff
    ems.o(i.DieselEngineMode) refers to ems.o(i.Restrictive_Batt) for Restrictive_Batt
    ems.o(i.DieselEngineMode) refers to pcsnet.o(i.SetPcs) for SetPcs
    ems.o(i.DieselEngineMode) refers to mpptcon.o(i.SetMppt) for SetMppt
    ems.o(i.DieselEngineMode) refers to syscontrol.o(.bss) for ActualValue
    ems.o(i.DieselEngineMode) refers to ems.o(.data) for Surplus
    ems.o(i.EM_TimerCallback) refers to ffixui.o(.text) for __aeabi_f2uiz
    ems.o(i.EM_TimerCallback) refers to ems.o(i.Restrictive_Batt) for Restrictive_Batt
    ems.o(i.EM_TimerCallback) refers to pcsnet.o(i.SetPcs) for SetPcs
    ems.o(i.EM_TimerCallback) refers to mpptcon.o(i.SetMppt) for SetMppt
    ems.o(i.EM_TimerCallback) refers to syscontrol.o(.bss) for Para
    ems.o(i.Economic_Models) refers to fadd.o(.text) for __aeabi_fsub
    ems.o(i.Economic_Models) refers to ffixi.o(.text) for __aeabi_f2iz
    ems.o(i.Economic_Models) refers to ems.o(i.LoadFirst) for LoadFirst
[...]
    Write_24c_Addr                           0x2000021c   Data           2  eeprom.o(.data)
    Read_Data                                0x20000220   Data           4  eeprom.o(.data)
    Read_24c_Addr                            0x20000224   Data           2  eeprom.o(.data)
    Read_24c_Data                            0x20000226   Data           2  eeprom.o(.data)
    test_data                                0x20000228   Data           2  eeprom.o(.data)
    CAN1_RX_BUF                              0x2000022c   Data           8  can_task.o(.data)
    can1_rxdata                              0x20000234   Data           8  can_task.o(.data)
    can1_txdata                              0x2000023c   Data           8  can_task.o(.data)
    TxMailbox                                0x20000244   Data           4  can_task.o(.data)
    CAN2_RX_BUF                              0x20000248   Data           8  can2_task.o(.data)
    can2_rxdata                              0x20000250   Data           8  can2_task.o(.data)
    can2_txdata                              0x20000258   Data           8  can2_task.o(.data)
    Tx2Mailbox                               0x20000260   Data           4  can2_task.o(.data)
    runstop_comd_back                        0x20000264   Data           1  lcd.o(.data)
    quick_runstop                            0x20000265   Data           1  lcd.o(.data)
    Last_Time_Seconds                        0x20000266   Data           1  rtc_1.o(.data)
    Last_Time_Minutes                        0x20000267   Data           1  rtc_1.o(.data)
    Last_Time_Hours                          0x20000268   Data           1  rtc_1.o(.data)
    bms_request                              0x20000269   Data           6  bsmnet.o(.data)
    PcsData0                                 0x20000270   Data           6  pcsnet.o(.data)
    PcsData1                                 0x20000276   Data           6  pcsnet.o(.data)
    PcsData2                                 0x2000027c   Data           6  pcsnet.o(.data)
    AmmeterData0                             0x20000282   Data           6  pcsnet.o(.data)
    AmmeterData1                             0x20000288   Data           6  pcsnet.o(.data)
    g_sock                                   0x20000290   Data           4  pcsnet.o(.data)
    __stdout                                 0x20000294   Data           4  stdout.o(.data)
    Para                                     0x20000298   Data         938  syscontrol.o(.bss)
    ActualValue                              0x20000644   Data          80  syscontrol.o(.bss)
    Mppt                                     0x20000694   Data          20  syscontrol.o(.bss)
    PcsData                                  0x200006a8   Data          38  syscontrol.o(.bss)
    SysControl                               0x200006ce   Data          12  syscontrol.o(.bss)
    PcsWriteBuff                             0x200006da   Data         100  syscontrol.o(.bss)
    hadc1                                    0x20000994   Data          48  adc.o(.bss)
    hdma_adc1                                0x200009c4   Data          68  adc.o(.bss)
    hcan1                                    0x20000a08   Data          40  can.o(.bss)
    hcan2                                    0x20000a30   Data          40  can.o(.bss)
    hi2c1                                    0x20000a58   Data          84  i2c.o(.bss)
    hrtc                                     0x20000aac   Data          20  rtc.o(.bss)
    htim2                                    0x20000ac0   Data          72  tim.o(.bss)
    huart5                                   0x20000b08   Data          68  usart.o(.bss)
    huart1                                   0x20000b4c   Data          68  usart.o(.bss)
    huart2                                   0x20000b90   Data          68  usart.o(.bss)
    huart3                                   0x20000bd4   Data          68  usart.o(.bss)
    htim3                                    0x20000c18   Data          72  stm32f1xx_hal_timebase_tim.o(.bss)
    xQueueRegistry                           0x20000c60   Data          64  queue.o(.bss)
    DMARxDscrTab                             0x20005d90   Data         128  ethernetif.o(.bss)
    DMATxDscrTab                             0x20005e10   Data          64  ethernetif.o(.bss)
    Rx_Buff                                  0x20005e50   Data       12192  ethernetif.o(.bss)
    Tx_Buff                                  0x20008df0   Data        6096  ethernetif.o(.bss)
    heth                                     0x2000a5c0   Data          72  ethernetif.o(.bss)
    gnetif                                   0x2000a608   Data          52  lwip.o(.bss)
    ip_data                                  0x2000a68c   Data          24  ip.o(.bss)
    ram_heap                                 0x2000a6a4   Data        1619  mem.o(.bss)
    memp_memory_UDP_PCB_base                 0x2000acf7   Data         131  memp.o(.bss)
    memp_memory_TCP_PCB_base                 0x2000ad7a   Data         763  memp.o(.bss)
    memp_memory_TCP_PCB_LISTEN_base          0x2000b075   Data         227  memp.o(.bss)
    memp_memory_TCP_SEG_base                 0x2000b158   Data         259  memp.o(.bss)
    memp_memory_REASSDATA_base               0x2000b25b   Data         163  memp.o(.bss)
    memp_memory_FRAG_PBUF_base               0x2000b2fe   Data         363  memp.o(.bss)
    memp_memory_NETBUF_base                  0x2000b469   Data          35  memp.o(.bss)
    memp_memory_NETCONN_base                 0x2000b48c   Data         179  memp.o(.bss)
    memp_memory_TCPIP_MSG_API_base           0x2000b53f   Data         131  memp.o(.bss)
    memp_memory_TCPIP_MSG_INPKT_base         0x2000b5c2   Data         131  memp.o(.bss)
    memp_memory_SYS_TIMEOUT_base             0x2000b645   Data          51  memp.o(.bss)
    memp_memory_PBUF_base                    0x2000b678   Data         259  memp.o(.bss)
    memp_memory_PBUF_POOL_base               0x2000b77b   Data        9731  memp.o(.bss)
    usart5_txdata                            0x2000de80   Data         200  dealusart_task.o(.bss)
    usart5_rxdata                            0x2000df48   Data         200  dealusart_task.o(.bss)
    RS422_RECV_FIFO                          0x2000e010   Data          12  dealusart_task.o(.bss)
    CAN1_txHeader                            0x2000e01c   Data          28  can_task.o(.bss)
    CAN1_rxHeader                            0x2000e038   Data          28  can_task.o(.bss)
    Tx1Message                               0x2000e054   Data          24  can_task.o(.bss)
    CAN2_rxHeader                            0x2000e06c   Data          28  can2_task.o(.bss)
    CAN2_txHeader                            0x2000e088   Data          28  can2_task.o(.bss)
    CAN2_Header                              0x2000e0a4   Data          28  can2_task.o(.bss)
    Tx2Message                               0x2000e0c0   Data          24  can2_task.o(.bss)
    Lcd_rx_data                              0x2000e0d8   Data         400  lcd.o(.bss)
    calendar                                 0x2000e268   Data          10  rtc_1.o(.bss)
    linkBsm                                  0x2000e274   Data          16  bsmnet.o(.bss)
    b_lwip_recvbuf                           0x2000e284   Data         256  bsmnet.o(.bss)
    p_lwip_recvbuf                           0x2000e384   Data         256  pcsnet.o(.bss)
    linkPcs                                  0x2000e484   Data          16  pcsnet.o(.bss)
    sntData                                  0x2000e494   Data         512  phy.o(.bss)
    __initial_sp                             0x2000ea98   Data           0  startup_stm32f107xc.o(STACK)



==============================================================================

Memory Map of the image

  Image Entry point : 0x08000151

  Load Region LR_IROM1 (Base: 0x08000000, Size: 0x00019f24, Max: 0x00040000, ABSOLUTE, COMPRESSED[0x00019cf0])

    Execution Region ER_IROM1 (Exec base: 0x08000000, Load base: 0x08000000, Size: 0x00019c8c, Max: 0x00040000, ABSOLUTE)

    Exec Addr    Load Addr    Size         Type   Attr      Idx    E Section Name        Object

    0x08000000   0x08000000   0x00000150   Data   RO            3    RESET               startup_stm32f107xc.o
    0x08000150   0x08000150   0x00000000   Code   RO        11079  * .ARM.Collect$$$$00000000  mc_w.l(entry.o)
    0x08000150   0x08000150   0x00000004   Code   RO        11375    .ARM.Collect$$$$00000001  mc_w.l(entry2.o)
    0x08000154   0x08000154   0x00000004   Code   RO        11378    .ARM.Collect$$$$00000004  mc_w.l(entry5.o)
    0x08000158   0x08000158   0x00000000   Code   RO        11380    .ARM.Collect$$$$00000008  mc_w.l(entry7b.o)
    0x08000158   0x08000158   0x00000000   Code   RO        11382    .ARM.Collect$$$$0000000A  mc_w.l(entry8b.o)
    0x08000158   0x08000158   0x00000008   Code   RO        11383    .ARM.Collect$$$$0000000B  mc_w.l(entry9a.o)
    0x08000160   0x08000160   0x00000004   Code   RO        11390    .ARM.Collect$$$$0000000E  mc_w.l(entry12b.o)
    0x08000164   0x08000164   0x00000000   Code   RO        11385    .ARM.Collect$$$$0000000F  mc_w.l(entry10a.o)
    0x08000164   0x08000164   0x00000000   Code   RO        11387    .ARM.Collect$$$$00000011  mc_w.l(entry11a.o)
    0x08000164   0x08000164   0x00000004   Code   RO        11376    .ARM.Collect$$$$00002712  mc_w.l(entry2.o)
    0x08000168   0x08000168   0x00000096   Code   RO         6407    .emb_text           port.o
    0x080001fe   0x080001fe   0x00000002   PAD
    0x08000200   0x08000200   0x00000024   Code   RO            4    .text               startup_stm32f107xc.o
    0x08000224   0x08000224   0x00000062   Code   RO        11082    .text               mc_w.l(uldiv.o)
    0x08000286   0x08000286   0x00000020   Code   RO        11084    .text               mc_w.l(llushr.o)
    0x080002a6   0x080002a6   0x00000024   Code   RO        11086    .text               mc_w.l(memcpya.o)
    0x080002ca   0x080002ca   0x00000024   Code   RO        11090    .text               mc_w.l(memseta.o)
    0x080002ee   0x080002ee   0x0000001a   Code   RO        11094    .text               mc_w.l(memcmp.o)
    0x08000308   0x08000308   0x000000b0   Code   RO        11361    .text               mf_w.l(fadd.o)
    0x080003b8   0x080003b8   0x00000064   Code   RO        11363    .text               mf_w.l(fmul.o)
    0x0800041c   0x0800041c   0x00000012   Code   RO        11365    .text               mf_w.l(fflti.o)
    0x0800042e   0x0800042e   0x0000000a   Code   RO        11367    .text               mf_w.l(ffltui.o)
    0x08000438   0x08000438   0x00000032   Code   RO        11369    .text               mf_w.l(ffixi.o)
    0x0800046a   0x0800046a   0x00000028   Code   RO        11371    .text               mf_w.l(ffixui.o)
    0x08000492   0x08000492   0x00000002   PAD
    0x08000494   0x08000494   0x00000014   Code   RO        11373    .text               mf_w.l(cfrcmple.o)
    0x080004a8   0x080004a8   0x0000002c   Code   RO        11394    .text               mc_w.l(uidiv.o)
    0x080004d4   0x080004d4   0x0000001e   Code   RO        11396    .text               mc_w.l(llshl.o)
    0x080004f2   0x080004f2   0x00000000   Code   RO        11398    .text               mc_w.l(iusefp.o)
    0x080004f2   0x080004f2   0x0000006e   Code   RO        11399    .text               mf_w.l(fepilogue.o)
    0x08000560   0x08000560   0x00000024   Code   RO        11411    .text               mc_w.l(init.o)
    0x08000584   0x08000584   0x00000000   Code   RO        11413    .text               mc_w.l(semi.o)
    0x08000584   0x08000584   0x00000000   Code   RO        11416    .text               mc_w.l(iusesemip.o)
    0x08000584   0x08000584   0x00000056   Code   RO        11427    .text               mc_w.l(__dczerorl2.o)
    0x080005da   0x080005da   0x00000002   PAD
    0x080005dc   0x080005dc   0x000000fc   Code   RO          326    i.Actual_Value_Cal  syscontrol.o
    0x080006d8   0x080006d8   0x00000064   Code   RO           14    i.BMSCheck          ems.o
    0x0800073c   0x0800073c   0x000001a0   Code   RO           15    i.BattFirst         ems.o
    0x080008dc   0x080008dc   0x0000000c   Code   RO          327    i.BmsCFB            syscontrol.o
    0x080008e8   0x080008e8   0x00000010   Code   RO          328    i.BmsCNM            syscontrol.o
    0x080008f8   0x080008f8   0x00000010   Code   RO          329    i.BmsCRT            syscontrol.o
    0x08000908   0x08000908   0x0000000c   Code   RO          330    i.BmsDFB            syscontrol.o
    0x08000914   0x08000914   0x00000010   Code   RO          331    i.BmsDNM            syscontrol.o
    0x08000924   0x08000924   0x00000010   Code   RO          332    i.BmsDRT            syscontrol.o
    0x08000934   0x08000934   0x00000014   Code   RO          333    i.BmsGetFault       syscontrol.o
    0x08000948   0x08000948   0x00000002   Code   RO          334    i.BmsSBR            syscontrol.o
    0x0800094a   0x0800094a   0x00000002   Code   RO          335    i.BmsSST            syscontrol.o
    0x0800094c   0x0800094c   0x000000c4   Code   RO        10939    i.BsmDatGet         bsmnet.o
    0x08000a10   0x08000a10   0x00000020   Code   RO        10940    i.BsmDatPut         bsmnet.o
    0x08000a30   0x08000a30   0x000000d8   Code   RO        10941    i.BsmPhyTask        bsmnet.o
    0x08000b08   0x08000b08   0x00000004   Code   RO         1097    i.BusFault_Handler  stm32f1xx_it.o
    0x08000b0c   0x08000b0c   0x0000000a   Code   RO          336    i.ByteCom           syscontrol.o
    0x08000b16   0x08000b16   0x00000002   PAD
    0x08000b18   0x08000b18   0x00000010   Code   RO         1098    i.CAN1_RX0_IRQHandler  stm32f1xx_it.o
    0x08000b28   0x08000b28   0x00000010   Code   RO         1099    i.CAN2_RX0_IRQHandler  stm32f1xx_it.o
    0x08000b38   0x08000b38   0x00000040   Code   RO          338    i.Crc8              syscontrol.o
    0x08000b78   0x08000b78   0x00000010   Code   RO         1100    i.DMA1_Channel1_IRQHandler  stm32f1xx_it.o
    0x08000b88   0x08000b88   0x00000002   Code   RO         1101    i.DebugMon_Handler  stm32f1xx_it.o
    0x08000b8a   0x08000b8a   0x0000002e   Code   RO        10648    i.DequeueFifo       dealusart_task.o
    0x08000bb8   0x08000bb8   0x00000016   Code   RO         1320    i.ETH_DMAReceptionDisable  stm32f1xx_hal_eth.o
    0x08000bce   0x08000bce   0x00000016   Code   RO         1321    i.ETH_DMAReceptionEnable  stm32f1xx_hal_eth.o
    0x08000be4   0x08000be4   0x00000016   Code   RO         1322    i.ETH_DMATransmissionDisable  stm32f1xx_hal_eth.o
    0x08000bfa   0x08000bfa   0x00000016   Code   RO         1323    i.ETH_DMATransmissionEnable  stm32f1xx_hal_eth.o
    0x08000c10   0x08000c10   0x00000028   Code   RO         1324    i.ETH_Delay         stm32f1xx_hal_eth.o
    0x08000c38   0x08000c38   0x00000038   Code   RO         1325    i.ETH_FlushTransmitFIFO  stm32f1xx_hal_eth.o
    0x08000c70   0x08000c70   0x00000010   Code   RO         1102    i.ETH_IRQHandler    stm32f1xx_it.o
    0x08000c80   0x08000c80   0x00000034   Code   RO         1326    i.ETH_MACAddressConfig  stm32f1xx_hal_eth.o
    0x08000cb4   0x08000cb4   0x0000023c   Code   RO         1327    i.ETH_MACDMAConfig  stm32f1xx_hal_eth.o
    0x08000ef0   0x08000ef0   0x00000028   Code   RO         1328    i.ETH_MACReceptionDisable  stm32f1xx_hal_eth.o
    0x08000f18   0x08000f18   0x00000028   Code   RO         1329    i.ETH_MACReceptionEnable  stm32f1xx_hal_eth.o
    0x08000f40   0x08000f40   0x00000028   Code   RO         1330    i.ETH_MACTransmissionDisable  stm32f1xx_hal_eth.o
    0x08000f68   0x08000f68   0x00000028   Code   RO         1331    i.ETH_MACTransmissionEnable  stm32f1xx_hal_eth.o
    0x08000f90   0x08000f90   0x000000cc   Code   RO           19    i.Economic_Models   ems.o
    0x0800105c   0x0800105c   0x00000052   Code   RO        10649    i.EnqueueFifo       dealusart_task.o
    0x080010ae   0x080010ae   0x00000006   Code   RO          512    i.Error_Handler     main.o
    0x080010b4   0x080010b4   0x00000094   Code   RO           20    i.External_Electric_Meters  ems.o
    0x08001148   0x08001148   0x00000020   Code   RO          339    i.FailureState      syscontrol.o
    0x08001168   0x08001168   0x00000020   Code   RO        10650    i.GetFifoNum        dealusart_task.o
    0x08001188   0x08001188   0x000000a8   Code   RO           23    i.GridOff           ems.o
    0x08001230   0x08001230   0x0000002a   Code   RO         2825    i.HAL_CAN_ActivateNotification  stm32f1xx_hal_can.o
    0x0800125a   0x0800125a   0x00000156   Code   RO         2826    i.HAL_CAN_AddTxMessage  stm32f1xx_hal_can.o
    0x080013b0   0x080013b0   0x00000124   Code   RO         2827    i.HAL_CAN_ConfigFilter  stm32f1xx_hal_can.o
    0x080014d4   0x080014d4   0x00000002   Code   RO         2830    i.HAL_CAN_ErrorCallback  stm32f1xx_hal_can.o
    0x080014d6   0x080014d6   0x0000017a   Code   RO         2833    i.HAL_CAN_GetRxMessage  stm32f1xx_hal_can.o
    0x08001650   0x08001650   0x0000024e   Code   RO         2837    i.HAL_CAN_IRQHandler  stm32f1xx_hal_can.o
    0x0800189e   0x0800189e   0x00000180   Code   RO         2838    i.HAL_CAN_Init      stm32f1xx_hal_can.o
    0x08001a1e   0x08001a1e   0x00000002   PAD
    0x08001a20   0x08001a20   0x00000188   Code   RO          837    i.HAL_CAN_MspInit   can.o
    0x08001ba8   0x08001ba8   0x00000002   Code   RO         2845    i.HAL_CAN_RxFifo0FullCallback  stm32f1xx_hal_can.o
    0x08001baa   0x08001baa   0x00000002   PAD
    0x08001bac   0x08001bac   0x0000007c   Code   RO        10765    i.HAL_CAN_RxFifo0MsgPendingCallback  can_task.o
    0x08001c28   0x08001c28   0x00000002   Code   RO         2847    i.HAL_CAN_RxFifo1FullCallback  stm32f1xx_hal_can.o
    0x08001c2a   0x08001c2a   0x00000002   Code   RO         2848    i.HAL_CAN_RxFifo1MsgPendingCallback  stm32f1xx_hal_can.o
    0x08001c2c   0x08001c2c   0x00000002   Code   RO         2849    i.HAL_CAN_SleepCallback  stm32f1xx_hal_can.o
    0x08001c2e   0x08001c2e   0x0000005e   Code   RO         2850    i.HAL_CAN_Start     stm32f1xx_hal_can.o
    0x08001c8c   0x08001c8c   0x00000002   Code   RO         2852    i.HAL_CAN_TxMailbox0AbortCallback  stm32f1xx_hal_can.o
    0x08001c8e   0x08001c8e   0x00000002   Code   RO         2853    i.HAL_CAN_TxMailbox0CompleteCallback  stm32f1xx_hal_can.o
    0x08001c90   0x08001c90   0x00000002   Code   RO         2854    i.HAL_CAN_TxMailbox1AbortCallback  stm32f1xx_hal_can.o
    0x08001c92   0x08001c92   0x00000002   Code   RO         2855    i.HAL_CAN_TxMailbox1CompleteCallback  stm32f1xx_hal_can.o
    0x08001c94   0x08001c94   0x00000002   Code   RO         2856    i.HAL_CAN_TxMailbox2AbortCallback  stm32f1xx_hal_can.o
    0x08001c96   0x08001c96   0x00000002   Code   RO         2857    i.HAL_CAN_TxMailbox2CompleteCallback  stm32f1xx_hal_can.o
    0x08001c98   0x08001c98   0x00000002   Code   RO         2859    i.HAL_CAN_WakeUpFromRxMsgCallback  stm32f1xx_hal_can.o
    0x08001c9a   0x08001c9a   0x00000056   Code   RO         1926    i.HAL_DMA_Abort     stm32f1xx_hal_dma.o
    0x08001cf0   0x08001cf0   0x000001a8   Code   RO         1927    i.HAL_DMA_Abort_IT  stm32f1xx_hal_dma.o
    0x08001e98   0x08001e98   0x00000398   Code   RO         1931    i.HAL_DMA_IRQHandler  stm32f1xx_hal_dma.o
    0x08002230   0x08002230   0x00000028   Code   RO         1525    i.HAL_Delay         stm32f1xx_hal.o
    0x08002258   0x08002258   0x00000140   Code   RO         1333    i.HAL_ETH_ConfigMAC  stm32f1xx_hal_eth.o
    0x08002398   0x08002398   0x0000008c   Code   RO         1334    i.HAL_ETH_DMARxDescListInit  stm32f1xx_hal_eth.o
    0x08002424   0x08002424   0x00000084   Code   RO         1335    i.HAL_ETH_DMATxDescListInit  stm32f1xx_hal_eth.o
    0x080024a8   0x080024a8   0x00000002   Code   RO         1337    i.HAL_ETH_ErrorCallback  stm32f1xx_hal_eth.o
    0x080024aa   0x080024aa   0x000000ba   Code   RO         1339    i.HAL_ETH_GetReceivedFrame_IT  stm32f1xx_hal_eth.o
    0x08002564   0x08002564   0x000000a4   Code   RO         1341    i.HAL_ETH_IRQHandler  stm32f1xx_hal_eth.o
    0x08002608   0x08002608   0x00000254   Code   RO         1342    i.HAL_ETH_Init      stm32f1xx_hal_eth.o
    0x0800285c   0x0800285c   0x0000017c   Code   RO         6488    i.HAL_ETH_MspInit   ethernetif.o
    0x080029d8   0x080029d8   0x00000092   Code   RO         1345    i.HAL_ETH_ReadPHYRegister  stm32f1xx_hal_eth.o
    0x08002a6a   0x08002a6a   0x00000002   PAD
    0x08002a6c   0x08002a6c   0x00000014   Code   RO         6489    i.HAL_ETH_RxCpltCallback  ethernetif.o
    0x08002a80   0x08002a80   0x00000052   Code   RO         1347    i.HAL_ETH_Start     stm32f1xx_hal_eth.o
    0x08002ad2   0x08002ad2   0x00000052   Code   RO         1348    i.HAL_ETH_Stop      stm32f1xx_hal_eth.o
    0x08002b24   0x08002b24   0x0000013e   Code   RO         1349    i.HAL_ETH_TransmitFrame  stm32f1xx_hal_eth.o
    0x08002c62   0x08002c62   0x00000002   Code   RO         1350    i.HAL_ETH_TxCpltCallback  stm32f1xx_hal_eth.o
    0x08002c64   0x08002c64   0x00000090   Code   RO         1351    i.HAL_ETH_WritePHYRegister  stm32f1xx_hal_eth.o
    0x08002cf4   0x08002cf4   0x00000320   Code   RO         1862    i.HAL_GPIO_Init     stm32f1xx_hal_gpio.o
    0x08003014   0x08003014   0x00000010   Code   RO         1864    i.HAL_GPIO_ReadPin  stm32f1xx_hal_gpio.o
    0x08003024   0x08003024   0x00000014   Code   RO         1865    i.HAL_GPIO_TogglePin  stm32f1xx_hal_gpio.o
    0x08003038   0x08003038   0x0000000c   Code   RO         1866    i.HAL_GPIO_WritePin  stm32f1xx_hal_gpio.o
    0x08003044   0x08003044   0x0000000c   Code   RO         1529    i.HAL_GetTick       stm32f1xx_hal.o
    0x08003050   0x08003050   0x000001d0   Code   RO         3069    i.HAL_I2C_Init      stm32f1xx_hal_i2c.o
    0x08003220   0x08003220   0x00000164   Code   RO         3090    i.HAL_I2C_Mem_Write  stm32f1xx_hal_i2c.o
    0x08003384   0x08003384   0x0000008c   Code   RO          911    i.HAL_I2C_MspInit   i2c.o
    0x08003410   0x08003410   0x00000018   Code   RO         1535    i.HAL_IncTick       stm32f1xx_hal.o
    0x08003428   0x08003428   0x00000028   Code   RO         1536    i.HAL_Init          stm32f1xx_hal.o
    0x08003450   0x08003450   0x00000088   Code   RO         1245    i.HAL_InitTick      stm32f1xx_hal_timebase_tim.o
    0x080034d8   0x080034d8   0x00000060   Code   RO         1221    i.HAL_MspInit       stm32f1xx_hal_msp.o
    0x08003538   0x08003538   0x00000020   Code   RO         2022    i.HAL_NVIC_EnableIRQ  stm32f1xx_hal_cortex.o
    0x08003558   0x08003558   0x0000007c   Code   RO         2028    i.HAL_NVIC_SetPriority  stm32f1xx_hal_cortex.o
    0x080035d4   0x080035d4   0x00000028   Code   RO         2029    i.HAL_NVIC_SetPriorityGrouping  stm32f1xx_hal_cortex.o
    0x080035fc   0x080035fc   0x0000000c   Code   RO         2149    i.HAL_PWR_EnableBkUpAccess  stm32f1xx_hal_pwr.o
    0x08003608   0x08003608   0x00000228   Code   RO         1804    i.HAL_RCCEx_GetPeriphCLKFreq  stm32f1xx_hal_rcc_ex.o
    0x08003830   0x08003830   0x00000210   Code   RO         1805    i.HAL_RCCEx_PeriphCLKConfig  stm32f1xx_hal_rcc_ex.o
    0x08003a40   0x08003a40   0x0000018c   Code   RO         1693    i.HAL_RCC_ClockConfig  stm32f1xx_hal_rcc.o
    0x08003bcc   0x08003bcc   0x00000044   Code   RO         1697    i.HAL_RCC_GetClockConfig  stm32f1xx_hal_rcc.o
    0x08003c10   0x08003c10   0x0000000c   Code   RO         1698    i.HAL_RCC_GetHCLKFreq  stm32f1xx_hal_rcc.o
    0x08003c1c   0x08003c1c   0x00000020   Code   RO         1700    i.HAL_RCC_GetPCLK1Freq  stm32f1xx_hal_rcc.o
    0x08003c3c   0x08003c3c   0x00000020   Code   RO         1701    i.HAL_RCC_GetPCLK2Freq  stm32f1xx_hal_rcc.o
    0x08003c5c   0x08003c5c   0x00000124   Code   RO         1702    i.HAL_RCC_GetSysClockFreq  stm32f1xx_hal_rcc.o
    0x08003d80   0x08003d80   0x0000056c   Code   RO         1705    i.HAL_RCC_OscConfig  stm32f1xx_hal_rcc.o
    0x080042ec   0x080042ec   0x00000052   Code   RO         3535    i.HAL_RTC_GetDate   stm32f1xx_hal_rtc.o
    0x0800433e   0x0800433e   0x00000104   Code   RO         3537    i.HAL_RTC_GetTime   stm32f1xx_hal_rtc.o
    0x08004442   0x08004442   0x00000002   PAD
    0x08004444   0x08004444   0x000000d0   Code   RO         3538    i.HAL_RTC_Init      stm32f1xx_hal_rtc.o
    0x08004514   0x08004514   0x00000040   Code   RO          953    i.HAL_RTC_MspInit   rtc.o
    0x08004554   0x08004554   0x000000f8   Code   RO         3544    i.HAL_RTC_SetDate   stm32f1xx_hal_rtc.o
    0x0800464c   0x0800464c   0x000000dc   Code   RO         3545    i.HAL_RTC_SetTime   stm32f1xx_hal_rtc.o
    0x08004728   0x08004728   0x00000040   Code   RO         3546    i.HAL_RTC_WaitForSynchro  stm32f1xx_hal_rtc.o
    0x08004768   0x08004768   0x00000002   Code   RO         4524    i.HAL_TIMEx_BreakCallback  stm32f1xx_hal_tim_ex.o
    0x0800476a   0x0800476a   0x00000002   Code   RO         4525    i.HAL_TIMEx_CommutCallback  stm32f1xx_hal_tim_ex.o
    0x0800476c   0x0800476c   0x00000090   Code   RO         4543    i.HAL_TIMEx_MasterConfigSynchronization  stm32f1xx_hal_tim_ex.o
    0x080047fc   0x080047fc   0x00000066   Code   RO         3809    i.HAL_TIM_Base_Init  stm32f1xx_hal_tim.o
    0x08004862   0x08004862   0x00000002   PAD
    0x08004864   0x08004864   0x00000040   Code   RO          995    i.HAL_TIM_Base_MspInit  tim.o
    0x080048a4   0x080048a4   0x00000084   Code   RO         3814    i.HAL_TIM_Base_Start_IT  stm32f1xx_hal_tim.o
    0x08004928   0x08004928   0x00000108   Code   RO         3818    i.HAL_TIM_ConfigClockSource  stm32f1xx_hal_tim.o
    0x08004a30   0x08004a30   0x00000002   Code   RO         3843    i.HAL_TIM_IC_CaptureCallback  stm32f1xx_hal_tim.o
    0x08004a32   0x08004a32   0x00000196   Code   RO         3857    i.HAL_TIM_IRQHandler  stm32f1xx_hal_tim.o
    0x08004bc8   0x08004bc8   0x00000002   Code   RO         3860    i.HAL_TIM_OC_DelayElapsedCallback  stm32f1xx_hal_tim.o
    0x08004bca   0x08004bca   0x00000002   Code   RO         3887    i.HAL_TIM_PWM_PulseFinishedCallback  stm32f1xx_hal_tim.o
    0x08004bcc   0x08004bcc   0x00000054   Code   RO         1103    i.HAL_TIM_PeriodElapsedCallback  stm32f1xx_it.o
    0x08004c20   0x08004c20   0x00000002   Code   RO         3900    i.HAL_TIM_TriggerCallback  stm32f1xx_hal_tim.o
    0x08004c22   0x08004c22   0x00000002   Code   RO         4802    i.HAL_UARTEx_RxEventCallback  stm32f1xx_hal_uart.o
    0x08004c24   0x08004c24   0x00000002   Code   RO         4816    i.HAL_UART_ErrorCallback  stm32f1xx_hal_uart.o
    0x08004c26   0x08004c26   0x00000002   PAD
    0x08004c28   0x08004c28   0x0000024c   Code   RO         4819    i.HAL_UART_IRQHandler  stm32f1xx_hal_uart.o
    0x08004e74   0x08004e74   0x00000072   Code   RO         4820    i.HAL_UART_Init     stm32f1xx_hal_uart.o
    0x08004ee6   0x08004ee6   0x00000002   PAD
    0x08004ee8   0x08004ee8   0x00000254   Code   RO         1037    i.HAL_UART_MspInit  usart.o
    0x0800513c   0x0800513c   0x00000042   Code   RO         4825    i.HAL_UART_Receive_IT  stm32f1xx_hal_uart.o
    0x0800517e   0x0800517e   0x00000002   PAD
    0x08005180   0x08005180   0x00000034   Code   RO        10651    i.HAL_UART_RxCpltCallback  dealusart_task.o
    0x080051b4   0x080051b4   0x00000058   Code   RO         4830    i.HAL_UART_Transmit_IT  stm32f1xx_hal_uart.o
    0x0800520c   0x0800520c   0x00000050   Code   RO        10652    i.HAL_UART_TxCpltCallback  dealusart_task.o
    0x0800525c   0x0800525c   0x00000004   Code   RO         1104    i.HardFault_Handler  stm32f1xx_it.o
    0x08005260   0x08005260   0x0000003e   Code   RO         3112    i.I2C_IsAcknowledgeFailed  stm32f1xx_hal_i2c.o
    0x0800529e   0x0800529e   0x00000002   PAD
    0x080052a0   0x080052a0   0x000000e0   Code   RO         3124    i.I2C_RequestMemoryWrite  stm32f1xx_hal_i2c.o
    0x08005380   0x08005380   0x0000005c   Code   RO         3132    i.I2C_WaitOnBTFFlagUntilTimeout  stm32f1xx_hal_i2c.o
    0x080053dc   0x080053dc   0x00000086   Code   RO         3133    i.I2C_WaitOnFlagUntilTimeout  stm32f1xx_hal_i2c.o
    0x08005462   0x08005462   0x000000c4   Code   RO         3134    i.I2C_WaitOnMasterAddressFlagUntilTimeout  stm32f1xx_hal_i2c.o
    0x08005526   0x08005526   0x0000005c   Code   RO         3138    i.I2C_WaitOnTXEFlagUntilTimeout  stm32f1xx_hal_i2c.o
    0x08005582   0x08005582   0x00000002   PAD
    0x08005584   0x08005584   0x00000074   Code   RO        10869    i.LcdDataGet        lcd.o
    0x080055f8   0x080055f8   0x000001b8   Code   RO           24    i.LoadFirst         ems.o
    0x080057b0   0x080057b0   0x0000015c   Code   RO           25    i.LoadFirst_PowerConservation  ems.o
    0x0800590c   0x0800590c   0x000000cc   Code   RO           26    i.Local_scheduling  ems.o
    0x080059d8   0x080059d8   0x00000052   Code   RO        11042    i.MBTCPRecv         phy.o
    0x08005a2a   0x08005a2a   0x00000002   PAD
    0x08005a2c   0x08005a2c   0x0000005c   Code   RO        11043    i.MBTCPSend         phy.o
    0x08005a88   0x08005a88   0x00000088   Code   RO          839    i.MX_CAN2_Init      can.o
    0x08005b10   0x08005b10   0x00000034   Code   RO          886    i.MX_DMA_Init       dma.o
    0x08005b44   0x08005b44   0x000000d0   Code   RO          724    i.MX_FREERTOS_Init  freertos.o
    0x08005c14   0x08005c14   0x000001c8   Code   RO          700    i.MX_GPIO_Init      gpio.o
    0x08005ddc   0x08005ddc   0x0000003c   Code   RO          912    i.MX_I2C1_Init      i2c.o
    0x08005e18   0x08005e18   0x00000284   Code   RO         6660    i.MX_LWIP_Init      lwip.o
    0x0800609c   0x0800609c   0x00000074   Code   RO          954    i.MX_RTC_Init       rtc.o
    0x08006110   0x08006110   0x0000006c   Code   RO          996    i.MX_TIM2_Init      tim.o
    0x0800617c   0x0800617c   0x00000038   Code   RO         1038    i.MX_UART5_Init     usart.o
    0x080061b4   0x080061b4   0x00000038   Code   RO         1039    i.MX_USART1_UART_Init  usart.o
    0x080061ec   0x080061ec   0x00000038   Code   RO         1040    i.MX_USART2_UART_Init  usart.o
    0x08006224   0x08006224   0x00000038   Code   RO         1041    i.MX_USART3_UART_Init  usart.o
    0x0800625c   0x0800625c   0x00000004   Code   RO         1105    i.MemManage_Handler  stm32f1xx_it.o
    0x08006260   0x08006260   0x000006e0   Code   RO          478    i.MpptDataGet       mpptcon.o
    0x08006940   0x08006940   0x00000004   Code   RO         1106    i.NMI_Handler       stm32f1xx_it.o
    0x08006944   0x08006944   0x00000694   Code   RO        10989    i.PcsDatGet         pcsnet.o
    0x08006fd8   0x08006fd8   0x000002d8   Code   RO        10990    i.PcsDatPut         pcsnet.o
    0x080072b0   0x080072b0   0x000000d8   Code   RO        10991    i.PcsPhyTask        pcsnet.o
    0x08007388   0x08007388   0x0000005c   Code   RO        10992    i.PcsPupDeal        pcsnet.o
    0x080073e4   0x080073e4   0x000003e4   Code   RO          341    i.PcsSetLimit       syscontrol.o
    0x080077c8   0x080077c8   0x00000034   Code   RO          342    i.Pcs_Mppt_Bms_Stare  syscontrol.o
    0x080077fc   0x080077fc   0x000000f0   Code   RO           28    i.PeakLload_Shifting  ems.o
    0x080078ec   0x080078ec   0x00000018   Code   RO          343    i.PowerOff          syscontrol.o
    0x08007904   0x08007904   0x00000028   Code   RO         1706    i.RCC_Delay         stm32f1xx_hal_rcc.o
    0x0800792c   0x0800792c   0x00000016   Code   RO         3547    i.RTC_Bcd2ToByte    stm32f1xx_hal_rtc.o
    0x08007942   0x08007942   0x0000001a   Code   RO         3548    i.RTC_ByteToBcd2    stm32f1xx_hal_rtc.o
    0x0800795c   0x0800795c   0x000000b6   Code   RO         3549    i.RTC_DateUpdate    stm32f1xx_hal_rtc.o
    0x08007a12   0x08007a12   0x0000003a   Code   RO         3550    i.RTC_EnterInitMode  stm32f1xx_hal_rtc.o
    0x08007a4c   0x08007a4c   0x0000003a   Code   RO         3551    i.RTC_ExitInitMode  stm32f1xx_hal_rtc.o
    0x08007a86   0x08007a86   0x00000032   Code   RO         3552    i.RTC_IsLeapYear    stm32f1xx_hal_rtc.o
    0x08007ab8   0x08007ab8   0x00000018   Code   RO         3553    i.RTC_ReadAlarmCounter  stm32f1xx_hal_rtc.o
    0x08007ad0   0x08007ad0   0x00000034   Code   RO         3554    i.RTC_ReadTimeCounter  stm32f1xx_hal_rtc.o
    0x08007b04   0x08007b04   0x00000084   Code   RO         3555    i.RTC_WeekDayNum    stm32f1xx_hal_rtc.o
    0x08007b88   0x08007b88   0x0000002e   Code   RO         3556    i.RTC_WriteAlarmCounter  stm32f1xx_hal_rtc.o
    0x08007bb6   0x08007bb6   0x0000002e   Code   RO         3557    i.RTC_WriteTimeCounter  stm32f1xx_hal_rtc.o
    0x08007be4   0x08007be4   0x000000b8   Code   RO           30    i.Remote_scheduling  ems.o
    0x08007c9c   0x08007c9c   0x00000010   Code   RO           31    i.Restrictive_Batt  ems.o
    0x08007cac   0x08007cac   0x00000070   Code   RO          344    i.RunState          syscontrol.o
    0x08007d1c   0x08007d1c   0x00000164   Code   RO        10870    i.ScibDeal          lcd.o
    0x08007e80   0x08007e80   0x0000010c   Code   RO          479    i.SetMppt           mpptcon.o
    0x08007f8c   0x08007f8c   0x00000010   Code   RO        10993    i.SetPcs            pcsnet.o
    0x08007f9c   0x08007f9c   0x0000005c   Code   RO          725    i.StartDefaultTask  freertos.o
    0x08007ff8   0x08007ff8   0x00000030   Code   RO          345    i.StopState         syscontrol.o
    0x08008028   0x08008028   0x0000007c   Code   RO          346    i.SysStateManage    syscontrol.o
    0x080080a4   0x080080a4   0x0000002c   Code   RO         6408    i.SysTick_Handler   port.o
    0x080080d0   0x080080d0   0x000000a0   Code   RO          513    i.SystemClock_Config  main.o
    0x08008170   0x08008170   0x00000002   Code   RO         5159    i.SystemInit        system_stm32f1xx.o
    0x08008172   0x08008172   0x00000002   PAD
    0x08008174   0x08008174   0x00000010   Code   RO         1107    i.TIM2_IRQHandler   stm32f1xx_it.o
    0x08008184   0x08008184   0x00000010   Code   RO         1108    i.TIM3_IRQHandler   stm32f1xx_it.o
    0x08008194   0x08008194   0x00000084   Code   RO         3902    i.TIM_Base_SetConfig  stm32f1xx_hal_tim.o
    0x08008218   0x08008218   0x00000016   Code   RO         3913    i.TIM_ETR_SetConfig  stm32f1xx_hal_tim.o
    0x0800822e   0x0800822e   0x00000012   Code   RO         3914    i.TIM_ITRx_SetConfig  stm32f1xx_hal_tim.o
    0x08008240   0x08008240   0x00000026   Code   RO         3920    i.TIM_TI1_ConfigInputStage  stm32f1xx_hal_tim.o
    0x08008266   0x08008266   0x00000028   Code   RO         3922    i.TIM_TI2_ConfigInputStage  stm32f1xx_hal_tim.o
    0x0800828e   0x0800828e   0x00000002   PAD
    0x08008290   0x08008290   0x00000010   Code   RO         1109    i.UART5_IRQHandler  stm32f1xx_it.o
    0x080082a0   0x080082a0   0x00000014   Code   RO         4833    i.UART_DMAAbortOnError  stm32f1xx_hal_uart.o
    0x080082b4   0x080082b4   0x00000036   Code   RO         4843    i.UART_EndRxTransfer  stm32f1xx_hal_uart.o
    0x080082ea   0x080082ea   0x00000020   Code   RO         4844    i.UART_EndTransmit_IT  stm32f1xx_hal_uart.o
    0x0800830a   0x0800830a   0x000000e4   Code   RO         4846    i.UART_Receive_IT   stm32f1xx_hal_uart.o
    0x080083ee   0x080083ee   0x00000002   PAD
    0x080083f0   0x080083f0   0x000000fc   Code   RO         4847    i.UART_SetConfig    stm32f1xx_hal_uart.o
    0x080084ec   0x080084ec   0x00000046   Code   RO         4849    i.UART_Start_Receive_IT  stm32f1xx_hal_uart.o
    0x08008532   0x08008532   0x00000060   Code   RO         4850    i.UART_Transmit_IT  stm32f1xx_hal_uart.o
    0x08008592   0x08008592   0x00000002   PAD
    0x08008594   0x08008594   0x00000010   Code   RO         1110    i.USART1_IRQHandler  stm32f1xx_it.o
    0x080085a4   0x080085a4   0x00000010   Code   RO         1111    i.USART2_IRQHandler  stm32f1xx_it.o
    0x080085b4   0x080085b4   0x00000010   Code   RO         1112    i.USART3_IRQHandler  stm32f1xx_it.o
    0x080085c4   0x080085c4   0x00000004   Code   RO         1113    i.UsageFault_Handler  stm32f1xx_it.o
    0x080085c8   0x080085c8   0x0000001c   Code   RO        10713    i.User_Variable_Init  eeprom.o
    0x080085e4   0x080085e4   0x00000074   Code   RO        10714    i.Write_24XX_Data   eeprom.o
    0x08008658   0x08008658   0x00000020   Code   RO        11189    i.__0printf$3       mc_w.l(printf3.o)
    0x08008678   0x08008678   0x00000010   Code   RO         2035    i.__NVIC_GetPriorityGrouping  stm32f1xx_hal_cortex.o
    0x08008688   0x08008688   0x00000028   Code   RO         2036    i.__NVIC_SetPriority  stm32f1xx_hal_cortex.o
    0x080086b0   0x080086b0   0x0000000e   Code   RO        11421    i.__scatterload_copy  mc_w.l(handlers.o)
    0x080086be   0x080086be   0x00000002   Code   RO        11422    i.__scatterload_null  mc_w.l(handlers.o)
    0x080086c0   0x080086c0   0x0000000e   Code   RO        11423    i.__scatterload_zeroinit  mc_w.l(handlers.o)
    0x080086ce   0x080086ce   0x00000002   PAD
    0x080086d0   0x080086d0   0x000001b8   Code   RO        11196    i._printf_core      mc_w.l(printf3.o)
    0x08008888   0x08008888   0x000000b0   Code   RO         7872    i.alloc_socket      sockets.o
    0x08008938   0x08008938   0x00000034   Code   RO        10800    i.can2_task         can2_task.o
    0x0800896c   0x0800896c   0x0000001c   Code   RO         9482    i.cyclic_timer      timeouts.o
    0x08008988   0x08008988   0x0000012c   Code   RO        10654    i.dealusart_task    dealusart_task.o
    0x08008ab4   0x08008ab4   0x000000bc   Code   RO         8493    i.do_memp_free_pool  memp.o
    0x08008b70   0x08008b70   0x000000c8   Code   RO         8494    i.do_memp_malloc_pool  memp.o
    0x08008c38   0x08008c38   0x00000090   Code   RO        10715    i.eeprom_task       eeprom.o
    0x08008cc8   0x08008cc8   0x0000022c   Code   RO         7531    i.err_tcp           api_msg.o
    0x08008ef4   0x08008ef4   0x00000020   Code   RO         7722    i.err_to_errno      err.o
    0x08008f14   0x08008f14   0x00000038   Code   RO         9726    i.etharp_cleanup_netif  etharp.o
    0x08008f4c   0x08008f4c   0x000002e0   Code   RO         9728    i.etharp_find_entry  etharp.o
    0x0800922c   0x0800922c   0x00000040   Code   RO         9729    i.etharp_free_entry  etharp.o
    0x0800926c   0x0800926c   0x0000013c   Code   RO         9731    i.etharp_input      etharp.o
    0x080093a8   0x080093a8   0x00000204   Code   RO         9732    i.etharp_output     etharp.o
    0x080095ac   0x080095ac   0x00000168   Code   RO         9733    i.etharp_output_to_arp_index  etharp.o
    0x08009714   0x08009714   0x00000284   Code   RO         9734    i.etharp_query      etharp.o
    0x08009998   0x08009998   0x00000188   Code   RO         9735    i.etharp_raw        etharp.o
    0x08009b20   0x08009b20   0x00000018   Code   RO         9736    i.etharp_request    etharp.o
    0x08009b38   0x08009b38   0x0000002c   Code   RO         9737    i.etharp_request_dst  etharp.o
    0x08009b64   0x08009b64   0x000000dc   Code   RO         9738    i.etharp_tmr        etharp.o
    0x08009c40   0x08009c40   0x0000015c   Code   RO         9739    i.etharp_update_arp_entry  etharp.o
    0x08009d9c   0x08009d9c   0x000000c8   Code   RO         7197    i.ethernet_input    ethernet.o
    0x08009e64   0x08009e64   0x00000104   Code   RO         7198    i.ethernet_output   ethernet.o
    0x08009f68   0x08009f68   0x00000098   Code   RO         6490    i.ethernetif_init   ethernetif.o
    0x0800a000   0x0800a000   0x0000004c   Code   RO         6491    i.ethernetif_input  ethernetif.o
    0x0800a04c   0x0800a04c   0x00000040   Code   RO         6618    i.ethernetif_notify_conn_changed  app_ethernet.o
    0x0800a08c   0x0800a08c   0x00000058   Code   RO         6493    i.ethernetif_set_link  ethernetif.o
    0x0800a0e4   0x0800a0e4   0x000000d4   Code   RO         6494    i.ethernetif_update_config  ethernetif.o
    0x0800a1b8   0x0800a1b8   0x00000228   Code   RO         7873    i.event_callback    sockets.o
    0x0800a3e0   0x0800a3e0   0x00000012   Code   RO        11391    i.fputc             mc_w.l(fputc.o)
    0x0800a3f2   0x0800a3f2   0x0000003c   Code   RO         7874    i.free_socket       sockets.o
    0x0800a42e   0x0800a42e   0x00000002   PAD
    0x0800a430   0x0800a430   0x00000044   Code   RO         7875    i.get_socket        sockets.o
    0x0800a474   0x0800a474   0x00000012   Code   RO         9826    i.icmp_dest_unreach  icmp.o
    0x0800a486   0x0800a486   0x00000002   PAD
    0x0800a488   0x0800a488   0x00000268   Code   RO         9827    i.icmp_input        icmp.o
    0x0800a6f0   0x0800a6f0   0x00000118   Code   RO         9828    i.icmp_send_response  icmp.o
    0x0800a808   0x0800a808   0x00000012   Code   RO         9829    i.icmp_time_exceeded  icmp.o
    0x0800a81a   0x0800a81a   0x00000010   Code   RO         5977    i.inHandlerMode     cmsis_os.o
    0x0800a82a   0x0800a82a   0x0000004e   Code   RO         9941    i.ip4_addr_isbroadcast_u32  ip4_addr.o
    0x0800a878   0x0800a878   0x000002c8   Code   RO        10006    i.ip4_frag          ip4_frag.o
    0x0800ab40   0x0800ab40   0x000001cc   Code   RO         9888    i.ip4_input         ip4.o
    0x0800ad0c   0x0800ad0c   0x00000036   Code   RO         9890    i.ip4_output_if     ip4.o
    0x0800ad42   0x0800ad42   0x00000002   PAD
    0x0800ad44   0x0800ad44   0x00000190   Code   RO         9891    i.ip4_output_if_src  ip4.o
    0x0800aed4   0x0800aed4   0x000001d8   Code   RO        10007    i.ip4_reass         ip4_frag.o
    0x0800b0ac   0x0800b0ac   0x00000090   Code   RO         9892    i.ip4_route         ip4.o
    0x0800b13c   0x0800b13c   0x00000210   Code   RO         9943    i.ip4addr_aton      ip4_addr.o
    0x0800b34c   0x0800b34c   0x0000000a   Code   RO        10008    i.ip_frag_alloc_pbuf_custom_ref  ip4_frag.o
    0x0800b356   0x0800b356   0x00000002   PAD
    0x0800b358   0x0800b358   0x00000098   Code   RO        10009    i.ip_frag_free_pbuf_custom_ref  ip4_frag.o
    0x0800b3f0   0x0800b3f0   0x000002fc   Code   RO        10010    i.ip_reass_chain_frag_into_datagram_and_validate  ip4_frag.o
    0x0800b6ec   0x0800b6ec   0x000000c4   Code   RO        10011    i.ip_reass_dequeue_datagram  ip4_frag.o
    0x0800b7b0   0x0800b7b0   0x00000054   Code   RO        10012    i.ip_reass_enqueue_new_datagram  ip4_frag.o
    0x0800b804   0x0800b804   0x000001d8   Code   RO        10013    i.ip_reass_free_complete_datagram  ip4_frag.o
    0x0800b9dc   0x0800b9dc   0x00000088   Code   RO        10014    i.ip_reass_remove_oldest_datagram  ip4_frag.o
    0x0800ba64   0x0800ba64   0x00000034   Code   RO        10015    i.ip_reass_tmr      ip4_frag.o
    0x0800ba98   0x0800ba98   0x00000018   Code   RO         9946    i.ipaddr_addr       ip4_addr.o
    0x0800bab0   0x0800bab0   0x000000c8   Code   RO        10016    i.ipfrag_free_pbuf_custom  ip4_frag.o
    0x0800bb78   0x0800bb78   0x00000170   Code   RO         6495    i.low_level_init    ethernetif.o
    0x0800bce8   0x0800bce8   0x00000104   Code   RO         6496    i.low_level_input   ethernetif.o
    0x0800bdec   0x0800bdec   0x000000e8   Code   RO         6497    i.low_level_output  ethernetif.o
    0x0800bed4   0x0800bed4   0x00000100   Code   RO         7878    i.lwip_close        sockets.o
    0x0800bfd4   0x0800bfd4   0x0000014c   Code   RO         7879    i.lwip_connect      sockets.o
    0x0800c120   0x0800c120   0x0000001a   Code   RO         8202    i.lwip_htonl        def.o
    0x0800c13a   0x0800c13a   0x0000000c   Code   RO         8203    i.lwip_htons        def.o
    0x0800c146   0x0800c146   0x00000002   PAD
    0x0800c148   0x0800c148   0x000000a0   Code   RO         8348    i.lwip_init         init.o
    0x0800c1e8   0x0800c1e8   0x00000190   Code   RO         7533    i.lwip_netconn_do_close  api_msg.o
    0x0800c378   0x0800c378   0x0000037c   Code   RO         7534    i.lwip_netconn_do_close_internal  api_msg.o
    0x0800c6f4   0x0800c6f4   0x000001d0   Code   RO         7535    i.lwip_netconn_do_connect  api_msg.o
    0x0800c8c4   0x0800c8c4   0x000001d8   Code   RO         7536    i.lwip_netconn_do_connected  api_msg.o
    0x0800ca9c   0x0800ca9c   0x00000254   Code   RO         7537    i.lwip_netconn_do_delconn  api_msg.o
    0x0800ccf0   0x0800ccf0   0x0000004e   Code   RO         7538    i.lwip_netconn_do_disconnect  api_msg.o
    0x0800cd3e   0x0800cd3e   0x00000002   PAD
    0x0800cd40   0x0800cd40   0x0000015c   Code   RO         7539    i.lwip_netconn_do_getaddr  api_msg.o
    0x0800ce9c   0x0800ce9c   0x00000040   Code   RO         7541    i.lwip_netconn_do_newconn  api_msg.o
    0x0800cedc   0x0800cedc   0x00000070   Code   RO         7542    i.lwip_netconn_do_recv  api_msg.o
    0x0800cf4c   0x0800cf4c   0x0000008c   Code   RO         7543    i.lwip_netconn_do_send  api_msg.o
    0x0800cfd8   0x0800cfd8   0x000001b8   Code   RO         7544    i.lwip_netconn_do_write  api_msg.o
    0x0800d190   0x0800d190   0x00000378   Code   RO         7545    i.lwip_netconn_do_writemore  api_msg.o
    0x0800d508   0x0800d508   0x00000022   Code   RO         7889    i.lwip_recv         sockets.o
    0x0800d52a   0x0800d52a   0x00000002   PAD
    0x0800d52c   0x0800d52c   0x00000318   Code   RO         7890    i.lwip_recvfrom     sockets.o
    0x0800d844   0x0800d844   0x0000009c   Code   RO         7893    i.lwip_send         sockets.o
    0x0800d8e0   0x0800d8e0   0x000001c4   Code   RO         7895    i.lwip_sendto       sockets.o
    0x0800daa4   0x0800daa4   0x00000080   Code   RO         7896    i.lwip_setsockopt   sockets.o
    0x0800db24   0x0800db24   0x00000200   Code   RO         7897    i.lwip_setsockopt_impl  sockets.o
    0x0800dd24   0x0800dd24   0x000000a8   Code   RO         7899    i.lwip_socket       sockets.o
    0x0800ddcc   0x0800ddcc   0x00000016   Code   RO         7902    i.lwip_write        sockets.o
    0x0800dde2   0x0800dde2   0x00000002   PAD
    0x0800dde4   0x0800dde4   0x00000064   Code   RO          514    i.main              main.o
    0x0800de48   0x0800de48   0x0000000c   Code   RO         5979    i.makeFreeRtosPriority  cmsis_os.o
    0x0800de54   0x0800de54   0x00000168   Code   RO         8427    i.mem_free          mem.o
    0x0800dfbc   0x0800dfbc   0x000000f4   Code   RO         8428    i.mem_init          mem.o
    0x0800e0b0   0x0800e0b0   0x00000288   Code   RO         8429    i.mem_malloc        mem.o
    0x0800e338   0x0800e338   0x000001ec   Code   RO         8430    i.mem_trim          mem.o
    0x0800e524   0x0800e524   0x000000b0   Code   RO         8495    i.memp_free         memp.o
    0x0800e5d4   0x0800e5d4   0x00000020   Code   RO         8497    i.memp_init         memp.o
    0x0800e5f4   0x0800e5f4   0x0000002c   Code   RO         8498    i.memp_init_pool    memp.o
    0x0800e620   0x0800e620   0x000000b0   Code   RO         8499    i.memp_malloc       memp.o
    0x0800e6d0   0x0800e6d0   0x00000020   Code   RO         7761    i.netbuf_delete     netbuf.o
    0x0800e6f0   0x0800e6f0   0x000000ac   Code   RO         7763    i.netbuf_free       netbuf.o
    0x0800e79c   0x0800e79c   0x000000d0   Code   RO         7766    i.netbuf_ref        netbuf.o
    0x0800e86c   0x0800e86c   0x00000120   Code   RO         7546    i.netconn_alloc     api_msg.o
    0x0800e98c   0x0800e98c   0x00000022   Code   RO         7354    i.netconn_apimsg    api_lib.o
    0x0800e9ae   0x0800e9ae   0x00000002   PAD
    0x0800e9b0   0x0800e9b0   0x000000c0   Code   RO         7357    i.netconn_close_shutdown  api_lib.o
    0x0800ea70   0x0800ea70   0x000000cc   Code   RO         7358    i.netconn_connect   api_lib.o
    0x0800eb3c   0x0800eb3c   0x00000034   Code   RO         7359    i.netconn_delete    api_lib.o
    0x0800eb70   0x0800eb70   0x000000bc   Code   RO         7360    i.netconn_disconnect  api_lib.o
    0x0800ec2c   0x0800ec2c   0x000000b4   Code   RO         7547    i.netconn_drain     api_msg.o
    0x0800ece0   0x0800ece0   0x00000184   Code   RO         7548    i.netconn_free      api_msg.o
    0x0800ee64   0x0800ee64   0x00000144   Code   RO         7361    i.netconn_getaddr   api_lib.o
    0x0800efa8   0x0800efa8   0x000001ac   Code   RO         7363    i.netconn_new_with_proto_and_callback  api_lib.o
    0x0800f154   0x0800f154   0x0000015c   Code   RO         7364    i.netconn_recv      api_lib.o
    0x0800f2b0   0x0800f2b0   0x0000021c   Code   RO         7365    i.netconn_recv_data  api_lib.o
    0x0800f4cc   0x0800f4cc   0x000000b0   Code   RO         7366    i.netconn_recv_tcp_pbuf  api_lib.o
    0x0800f57c   0x0800f57c   0x000000b8   Code   RO         7367    i.netconn_send      api_lib.o
    0x0800f634   0x0800f634   0x00000154   Code   RO         7370    i.netconn_write_partly  api_lib.o
    0x0800f788   0x0800f788   0x00000100   Code   RO         8600    i.netif_add         netif.o
    0x0800f888   0x0800f888   0x00000002   Code   RO         8602    i.netif_init        netif.o
    0x0800f88a   0x0800f88a   0x00000024   Code   RO         8604    i.netif_issue_reports  netif.o
    0x0800f8ae   0x0800f8ae   0x00000048   Code   RO         8606    i.netif_set_addr    netif.o
    0x0800f8f6   0x0800f8f6   0x00000002   PAD
    0x0800f8f8   0x0800f8f8   0x0000000c   Code   RO         8607    i.netif_set_default  netif.o
    0x0800f904   0x0800f904   0x0000002a   Code   RO         8608    i.netif_set_down    netif.o
    0x0800f92e   0x0800f92e   0x0000000c   Code   RO         8609    i.netif_set_gw      netif.o
    0x0800f93a   0x0800f93a   0x00000002   PAD
    0x0800f93c   0x0800f93c   0x0000004c   Code   RO         8610    i.netif_set_ipaddr  netif.o
    0x0800f988   0x0800f988   0x00000006   Code   RO         8611    i.netif_set_link_callback  netif.o
    0x0800f98e   0x0800f98e   0x0000002a   Code   RO         8612    i.netif_set_link_down  netif.o
    0x0800f9b8   0x0800f9b8   0x0000003a   Code   RO         8613    i.netif_set_link_up  netif.o
    0x0800f9f2   0x0800f9f2   0x0000000c   Code   RO         8614    i.netif_set_netmask  netif.o
    0x0800f9fe   0x0800f9fe   0x0000002c   Code   RO         8615    i.netif_set_up      netif.o
    0x0800fa2a   0x0800fa2a   0x00000010   Code   RO         5981    i.osDelay           cmsis_os.o
    0x0800fa3a   0x0800fa3a   0x0000000a   Code   RO         5984    i.osKernelStart     cmsis_os.o
    0x0800fa44   0x0800fa44   0x00000018   Code   RO         5985    i.osKernelSysTick   cmsis_os.o
    0x0800fa5c   0x0800fa5c   0x0000002a   Code   RO         5993    i.osMessageCreate   cmsis_os.o
    0x0800fa86   0x0800fa86   0x00000018   Code   RO         5994    i.osMessageDelete   cmsis_os.o
    0x0800fa9e   0x0800fa9e   0x00000002   PAD
    0x0800faa0   0x0800faa0   0x000000ac   Code   RO         5995    i.osMessageGet      cmsis_os.o
    0x0800fb4c   0x0800fb4c   0x00000064   Code   RO         5997    i.osMessagePut      cmsis_os.o
    0x0800fbb0   0x0800fbb0   0x0000001e   Code   RO         5998    i.osMessageWaiting  cmsis_os.o
    0x0800fbce   0x0800fbce   0x00000012   Code   RO         5999    i.osMutexCreate     cmsis_os.o
    0x0800fbe0   0x0800fbe0   0x00000050   Code   RO         6001    i.osMutexRelease    cmsis_os.o
    0x0800fc30   0x0800fc30   0x00000068   Code   RO         6002    i.osMutexWait       cmsis_os.o
    0x0800fc98   0x0800fc98   0x00000046   Code   RO         6010    i.osSemaphoreCreate  cmsis_os.o
    0x0800fcde   0x0800fcde   0x00000018   Code   RO         6011    i.osSemaphoreDelete  cmsis_os.o
    0x0800fcf6   0x0800fcf6   0x00000002   PAD
    0x0800fcf8   0x0800fcf8   0x00000050   Code   RO         6013    i.osSemaphoreRelease  cmsis_os.o
    0x0800fd48   0x0800fd48   0x00000068   Code   RO         6014    i.osSemaphoreWait   cmsis_os.o
    0x0800fdb0   0x0800fdb0   0x00000068   Code   RO         6015    i.osSignalSet       cmsis_os.o
    0x0800fe18   0x0800fe18   0x00000066   Code   RO         6016    i.osSignalWait      cmsis_os.o
    0x0800fe7e   0x0800fe7e   0x0000005c   Code   RO         6018    i.osThreadCreate    cmsis_os.o
    0x0800feda   0x0800feda   0x00000002   PAD
    0x0800fedc   0x0800fedc   0x00000430   Code   RO         8737    i.pbuf_alloc        pbuf.o
    0x0801030c   0x0801030c   0x0000010c   Code   RO         8738    i.pbuf_alloced_custom  pbuf.o
    0x08010418   0x08010418   0x00000150   Code   RO         8739    i.pbuf_cat          pbuf.o
    0x08010568   0x08010568   0x00000016   Code   RO         8740    i.pbuf_chain        pbuf.o
    0x0801057e   0x0801057e   0x00000012   Code   RO         8741    i.pbuf_clen         pbuf.o
    0x08010590   0x08010590   0x00000238   Code   RO         8743    i.pbuf_copy         pbuf.o
    0x080107c8   0x080107c8   0x00000154   Code   RO         8744    i.pbuf_copy_partial  pbuf.o
    0x0801091c   0x0801091c   0x000001bc   Code   RO         8746    i.pbuf_free         pbuf.o
    0x08010ad8   0x08010ad8   0x00000040   Code   RO         8747    i.pbuf_free_ooseq   pbuf.o
    0x08010b18   0x08010b18   0x0000000a   Code   RO         8748    i.pbuf_free_ooseq_callback  pbuf.o
    0x08010b22   0x08010b22   0x00000012   Code   RO         8750    i.pbuf_header       pbuf.o
    0x08010b34   0x08010b34   0x00000012   Code   RO         8751    i.pbuf_header_force  pbuf.o
    0x08010b46   0x08010b46   0x00000002   PAD
    0x08010b48   0x08010b48   0x00000168   Code   RO         8752    i.pbuf_header_impl  pbuf.o
    0x08010cb0   0x08010cb0   0x00000048   Code   RO         8755    i.pbuf_pool_is_empty  pbuf.o
    0x08010cf8   0x08010cf8   0x000001dc   Code   RO         8757    i.pbuf_realloc      pbuf.o
    0x08010ed4   0x08010ed4   0x000000a8   Code   RO         8758    i.pbuf_ref          pbuf.o
    0x08010f7c   0x08010f7c   0x00000110   Code   RO         7549    i.pcb_new           api_msg.o
    0x0801108c   0x0801108c   0x000001c4   Code   RO         8431    i.plug_holes        mem.o
    0x08011250   0x08011250   0x000000fc   Code   RO         7550    i.poll_tcp          api_msg.o
    0x0801134c   0x0801134c   0x00000078   Code   RO         5665    i.prvAddCurrentTaskToDelayedList  tasks.o
    0x080113c4   0x080113c4   0x00000088   Code   RO         5666    i.prvAddNewTaskToReadyList  tasks.o
    0x0801144c   0x0801144c   0x00000040   Code   RO         5667    i.prvCheckTasksWaitingTermination  tasks.o
    0x0801148c   0x0801148c   0x00000024   Code   RO         5340    i.prvCopyDataFromQueue  queue.o
    0x080114b0   0x080114b0   0x0000006e   Code   RO         5341    i.prvCopyDataToQueue  queue.o
    0x0801151e   0x0801151e   0x00000040   Code   RO         5668    i.prvDeleteTCB      tasks.o
    0x0801155e   0x0801155e   0x00000014   Code   RO         5342    i.prvGetDisinheritPriorityAfterTimeout  queue.o
    0x08011572   0x08011572   0x00000002   PAD
    0x08011574   0x08011574   0x00000050   Code   RO         6346    i.prvHeapInit       heap_4.o
    0x080115c4   0x080115c4   0x00000028   Code   RO         5669    i.prvIdleTask       tasks.o
    0x080115ec   0x080115ec   0x00000018   Code   RO         5343    i.prvInitialiseMutex  queue.o
    0x08011604   0x08011604   0x00000018   Code   RO         5344    i.prvInitialiseNewQueue  queue.o
    0x0801161c   0x0801161c   0x00000074   Code   RO         5670    i.prvInitialiseNewTask  tasks.o
    0x08011690   0x08011690   0x00000060   Code   RO         5671    i.prvInitialiseTaskLists  tasks.o
    0x080116f0   0x080116f0   0x0000005c   Code   RO         6347    i.prvInsertBlockIntoFreeList  heap_4.o
    0x0801174c   0x0801174c   0x0000001a   Code   RO         5345    i.prvIsQueueEmpty   queue.o
    0x08011766   0x08011766   0x0000001e   Code   RO         5346    i.prvIsQueueFull    queue.o
    0x08011784   0x08011784   0x00000024   Code   RO         5672    i.prvResetNextTaskUnblockTime  tasks.o
    0x080117a8   0x080117a8   0x00000030   Code   RO         6409    i.prvTaskExitError  port.o
    0x080117d8   0x080117d8   0x00000068   Code   RO         5347    i.prvUnlockQueue    queue.o
    0x08011840   0x08011840   0x000000e4   Code   RO         6348    i.pvPortMalloc      heap_4.o
    0x08011924   0x08011924   0x00000018   Code   RO         5674    i.pvTaskIncrementMutexHeldCount  tasks.o
    0x0801193c   0x0801193c   0x00000024   Code   RO         6410    i.pxPortInitialiseStack  port.o
    0x08011960   0x08011960   0x0000019c   Code   RO         7551    i.recv_tcp          api_msg.o
    0x08011afc   0x08011afc   0x00000190   Code   RO         7552    i.recv_udp          api_msg.o
    0x08011c8c   0x08011c8c   0x00000104   Code   RO        10905    i.rtc_task          rtc_1.o
    0x08011d90   0x08011d90   0x000000e8   Code   RO         7553    i.sent_tcp          api_msg.o
    0x08011e78   0x08011e78   0x00000044   Code   RO         7554    i.setup_tcp         api_msg.o
    0x08011ebc   0x08011ebc   0x0000005e   Code   RO        10270    i.sys_arch_mbox_fetch  sys_arch.o
    0x08011f1a   0x08011f1a   0x00000030   Code   RO        10271    i.sys_arch_mbox_tryfetch  sys_arch.o
    0x08011f4a   0x08011f4a   0x00000002   PAD
    0x08011f4c   0x08011f4c   0x00000018   Code   RO        10272    i.sys_arch_protect  sys_arch.o
    0x08011f64   0x08011f64   0x0000003e   Code   RO        10273    i.sys_arch_sem_wait  sys_arch.o
    0x08011fa2   0x08011fa2   0x00000002   PAD
    0x08011fa4   0x08011fa4   0x00000014   Code   RO        10274    i.sys_arch_unprotect  sys_arch.o
    0x08011fb8   0x08011fb8   0x0000007c   Code   RO         9483    i.sys_check_timeouts  timeouts.o
    0x08012034   0x08012034   0x00000018   Code   RO        10275    i.sys_init          sys_arch.o
    0x0801204c   0x0801204c   0x00000012   Code   RO        10276    i.sys_mbox_free     sys_arch.o
    0x0801205e   0x0801205e   0x00000002   PAD
    0x08012060   0x08012060   0x00000030   Code   RO        10277    i.sys_mbox_new      sys_arch.o
    0x08012090   0x08012090   0x0000001a   Code   RO        10278    i.sys_mbox_post     sys_arch.o
    0x080120aa   0x080120aa   0x00000006   Code   RO        10279    i.sys_mbox_set_invalid  sys_arch.o
    0x080120b0   0x080120b0   0x0000001e   Code   RO        10280    i.sys_mbox_trypost  sys_arch.o
    0x080120ce   0x080120ce   0x0000000e   Code   RO        10281    i.sys_mbox_valid    sys_arch.o
    0x080120dc   0x080120dc   0x00000010   Code   RO        10283    i.sys_mutex_lock    sys_arch.o
    0x080120ec   0x080120ec   0x00000020   Code   RO        10284    i.sys_mutex_new     sys_arch.o
    0x0801210c   0x0801210c   0x0000000c   Code   RO        10285    i.sys_mutex_unlock  sys_arch.o
    0x08012118   0x08012118   0x00000008   Code   RO         6499    i.sys_now           ethernetif.o
    0x08012120   0x08012120   0x0000000c   Code   RO        10286    i.sys_sem_free      sys_arch.o
    0x0801212c   0x0801212c   0x0000002e   Code   RO        10287    i.sys_sem_new       sys_arch.o
    0x0801215a   0x0801215a   0x00000006   Code   RO        10288    i.sys_sem_set_invalid  sys_arch.o
    0x08012160   0x08012160   0x0000000c   Code   RO        10289    i.sys_sem_signal    sys_arch.o
    0x0801216c   0x0801216c   0x0000000e   Code   RO        10290    i.sys_sem_valid     sys_arch.o
    0x0801217a   0x0801217a   0x00000036   Code   RO        10291    i.sys_thread_new    sys_arch.o
    0x080121b0   0x080121b0   0x00000188   Code   RO         9485    i.sys_timeout       timeouts.o
    0x08012338   0x08012338   0x00000034   Code   RO         9486    i.sys_timeouts_init  timeouts.o
    0x0801236c   0x0801236c   0x00000040   Code   RO         9487    i.sys_timeouts_mbox_fetch  timeouts.o
    0x080123ac   0x080123ac   0x00000038   Code   RO         9488    i.sys_timeouts_sleeptime  timeouts.o
    0x080123e4   0x080123e4   0x0000019c   Code   RO         8992    i.tcp_abandon       tcp.o
    0x08012580   0x08012580   0x0000000e   Code   RO         8993    i.tcp_abort         tcp.o
    0x0801258e   0x0801258e   0x00000010   Code   RO         8994    i.tcp_accept        tcp.o
    0x0801259e   0x0801259e   0x00000002   PAD
    0x080125a0   0x080125a0   0x000000b8   Code   RO         8996    i.tcp_alloc         tcp.o
    0x08012658   0x08012658   0x00000006   Code   RO         8997    i.tcp_arg           tcp.o
    0x0801265e   0x0801265e   0x0000001c   Code   RO         8999    i.tcp_close         tcp.o
    0x0801267a   0x0801267a   0x00000002   PAD
    0x0801267c   0x0801267c   0x000001f4   Code   RO         9000    i.tcp_close_shutdown  tcp.o
    0x08012870   0x08012870   0x000000e4   Code   RO         9001    i.tcp_close_shutdown_fin  tcp.o
    0x08012954   0x08012954   0x000001e4   Code   RO         9002    i.tcp_connect       tcp.o
    0x08012b38   0x08012b38   0x00000150   Code   RO         9372    i.tcp_create_segment  tcp_out.o
    0x08012c88   0x08012c88   0x0000003a   Code   RO         9004    i.tcp_eff_send_mss_impl  tcp.o
    0x08012cc2   0x08012cc2   0x00000002   PAD
    0x08012cc4   0x08012cc4   0x00000294   Code   RO         9373    i.tcp_enqueue_flags  tcp_out.o
    0x08012f58   0x08012f58   0x000000ac   Code   RO         9005    i.tcp_err           tcp.o
    0x08013004   0x08013004   0x00000090   Code   RO         9006    i.tcp_fasttmr       tcp.o
    0x08013094   0x08013094   0x00000058   Code   RO         9288    i.tcp_getoptbyte    tcp_in.o
    0x080130ec   0x080130ec   0x00000002   Code   RO         9007    i.tcp_init          tcp.o
    0x080130ee   0x080130ee   0x00000002   PAD
    0x080130f0   0x080130f0   0x0000078c   Code   RO         9289    i.tcp_input         tcp_in.o
    0x0801387c   0x0801387c   0x0000004c   Code   RO         9290    i.tcp_input_delayed_close  tcp_in.o
    0x080138c8   0x080138c8   0x0000005a   Code   RO         9374    i.tcp_keepalive     tcp_out.o
    0x08013922   0x08013922   0x00000002   PAD
    0x08013924   0x08013924   0x00000058   Code   RO         9008    i.tcp_kill_prio     tcp.o
    0x0801397c   0x0801397c   0x000000d0   Code   RO         9009    i.tcp_kill_state    tcp.o
    0x08013a4c   0x08013a4c   0x0000003c   Code   RO         9010    i.tcp_kill_timewait  tcp.o
    0x08013a88   0x08013a88   0x000000d0   Code   RO         9011    i.tcp_listen_closed  tcp.o
    0x08013b58   0x08013b58   0x00000148   Code   RO         9291    i.tcp_listen_input  tcp_in.o
    0x08013ca0   0x08013ca0   0x00000054   Code   RO         9014    i.tcp_netif_ip_addr_changed  tcp.o
    0x08013cf4   0x08013cf4   0x0000002a   Code   RO         9015    i.tcp_netif_ip_addr_changed_pcblist  tcp.o
    0x08013d1e   0x08013d1e   0x00000010   Code   RO         9017    i.tcp_new_ip_type   tcp.o
    0x08013d2e   0x08013d2e   0x00000002   PAD
    0x08013d30   0x08013d30   0x00000068   Code   RO         9018    i.tcp_new_port      tcp.o
    0x08013d98   0x08013d98   0x00000020   Code   RO         9019    i.tcp_next_iss      tcp.o
    0x08013db8   0x08013db8   0x00000090   Code   RO         9292    i.tcp_oos_insert_segment  tcp_in.o
    0x08013e48   0x08013e48   0x00000320   Code   RO         9375    i.tcp_output        tcp_out.o
    0x08014168   0x08014168   0x00000124   Code   RO         9376    i.tcp_output_alloc_header  tcp_out.o
    0x0801428c   0x0801428c   0x000000c4   Code   RO         9377    i.tcp_output_segment  tcp_out.o
    0x08014350   0x08014350   0x0000009c   Code   RO         9293    i.tcp_parseopt      tcp_in.o
    0x080143ec   0x080143ec   0x00000100   Code   RO         9378    i.tcp_pbuf_prealloc  tcp_out.o
    0x080144ec   0x080144ec   0x00000048   Code   RO         9020    i.tcp_pcb_purge     tcp.o
    0x08014534   0x08014534   0x00000164   Code   RO         9021    i.tcp_pcb_remove    tcp.o
    0x08014698   0x08014698   0x000000a4   Code   RO         9022    i.tcp_poll          tcp.o
    0x0801473c   0x0801473c   0x000006d8   Code   RO         9294    i.tcp_process       tcp_in.o
    0x08014e14   0x08014e14   0x00000094   Code   RO         9023    i.tcp_process_refused_data  tcp.o
    0x08014ea8   0x08014ea8   0x00000d50   Code   RO         9295    i.tcp_receive       tcp_in.o
    0x08015bf8   0x08015bf8   0x000000ac   Code   RO         9024    i.tcp_recv          tcp.o
    0x08015ca4   0x08015ca4   0x0000002e   Code   RO         9025    i.tcp_recv_null     tcp.o
    0x08015cd2   0x08015cd2   0x00000002   PAD
    0x08015cd4   0x08015cd4   0x00000130   Code   RO         9026    i.tcp_recved        tcp.o
    0x08015e04   0x08015e04   0x00000018   Code   RO         9027    i.tcp_remove_listener  tcp.o
    0x08015e1c   0x08015e1c   0x00000062   Code   RO         9379    i.tcp_rexmit        tcp_out.o
    0x08015e7e   0x08015e7e   0x0000006e   Code   RO         9380    i.tcp_rexmit_fast   tcp_out.o
    0x08015eec   0x08015eec   0x00000042   Code   RO         9381    i.tcp_rexmit_rto    tcp_out.o
    0x08015f2e   0x08015f2e   0x00000002   PAD
    0x08015f30   0x08015f30   0x0000012c   Code   RO         9382    i.tcp_rst           tcp_out.o
    0x0801605c   0x0801605c   0x00000024   Code   RO         9028    i.tcp_seg_copy      tcp.o
    0x08016080   0x08016080   0x0000001a   Code   RO         9029    i.tcp_seg_free      tcp.o
    0x0801609a   0x0801609a   0x00000018   Code   RO         9030    i.tcp_segs_free     tcp.o
    0x080160b2   0x080160b2   0x00000076   Code   RO         9383    i.tcp_send_empty_ack  tcp_out.o
    0x08016128   0x08016128   0x0000004a   Code   RO         9384    i.tcp_send_fin      tcp_out.o
    0x08016172   0x08016172   0x00000002   PAD
    0x08016174   0x08016174   0x000000ac   Code   RO         9031    i.tcp_sent          tcp.o
    0x08016220   0x08016220   0x00000062   Code   RO         9033    i.tcp_shutdown      tcp.o
    0x08016282   0x08016282   0x00000002   PAD
    0x08016284   0x08016284   0x00000618   Code   RO         9034    i.tcp_slowtmr       tcp.o
    0x0801689c   0x0801689c   0x00000038   Code   RO         9490    i.tcp_timer_needed  timeouts.o
    0x080168d4   0x080168d4   0x000000a4   Code   RO         9296    i.tcp_timewait_input  tcp_in.o
    0x08016978   0x08016978   0x00000024   Code   RO         9035    i.tcp_tmr           tcp.o
    0x0801699c   0x0801699c   0x00000014   Code   RO         9297    i.tcp_trigger_input_pcb_close  tcp_in.o
    0x080169b0   0x080169b0   0x000000dc   Code   RO         9037    i.tcp_update_rcv_ann_wnd  tcp.o
    0x08016a8c   0x08016a8c   0x000007d8   Code   RO         9385    i.tcp_write         tcp_out.o
    0x08017264   0x08017264   0x0000017c   Code   RO         9386    i.tcp_write_checks  tcp_out.o
    0x080173e0   0x080173e0   0x000000de   Code   RO         9387    i.tcp_zero_window_probe  tcp_out.o
    0x080174be   0x080174be   0x00000002   PAD
    0x080174c0   0x080174c0   0x000000d4   Code   RO         8099    i.tcpip_callback_with_block  tcpip.o
    0x08017594   0x08017594   0x0000012c   Code   RO         8102    i.tcpip_init        tcpip.o
    0x080176c0   0x080176c0   0x000000cc   Code   RO         8103    i.tcpip_inpkt       tcpip.o
    0x0801778c   0x0801778c   0x00000030   Code   RO         8104    i.tcpip_input       tcpip.o
    0x080177bc   0x080177bc   0x00000020   Code   RO         8105    i.tcpip_send_msg_wait_sem  tcpip.o
    0x080177dc   0x080177dc   0x00000038   Code   RO         9491    i.tcpip_tcp_timer   timeouts.o
    0x08017814   0x08017814   0x00000130   Code   RO         8106    i.tcpip_thread      tcpip.o
    0x08017944   0x08017944   0x00000030   Code   RO         7904    i.tryget_socket     sockets.o
    0x08017974   0x08017974   0x00000094   Code   RO         9566    i.udp_bind          udp.o
    0x08017a08   0x08017a08   0x0000006c   Code   RO         9567    i.udp_connect       udp.o
    0x08017a74   0x08017a74   0x00000010   Code   RO         9568    i.udp_disconnect    udp.o
    0x08017a84   0x08017a84   0x00000002   Code   RO         9569    i.udp_init          udp.o
    0x08017a86   0x08017a86   0x00000002   PAD
    0x08017a88   0x08017a88   0x000001bc   Code   RO         9570    i.udp_input         udp.o
    0x08017c44   0x08017c44   0x00000048   Code   RO         9571    i.udp_input_local_match  udp.o
    0x08017c8c   0x08017c8c   0x00000030   Code   RO         9572    i.udp_netif_ip_addr_changed  udp.o
    0x08017cbc   0x08017cbc   0x0000001c   Code   RO         9573    i.udp_new           udp.o
    0x08017cd8   0x08017cd8   0x0000000e   Code   RO         9574    i.udp_new_ip_type   udp.o
    0x08017ce6   0x08017ce6   0x00000002   PAD
    0x08017ce8   0x08017ce8   0x00000058   Code   RO         9575    i.udp_new_port      udp.o
    0x08017d40   0x08017d40   0x00000006   Code   RO         9576    i.udp_recv          udp.o
    0x08017d46   0x08017d46   0x00000002   PAD
    0x08017d48   0x08017d48   0x00000044   Code   RO         9577    i.udp_remove        udp.o
    0x08017d8c   0x08017d8c   0x0000001e   Code   RO         9578    i.udp_send          udp.o
    0x08017daa   0x08017daa   0x0000003c   Code   RO         9579    i.udp_sendto        udp.o
    0x08017de6   0x08017de6   0x00000052   Code   RO         9580    i.udp_sendto_if     udp.o
    0x08017e38   0x08017e38   0x00000160   Code   RO         9581    i.udp_sendto_if_src  udp.o
    0x08017f98   0x08017f98   0x00000026   Code   RO         5300    i.uxListRemove      list.o
    0x08017fbe   0x08017fbe   0x00000026   Code   RO         5348    i.uxQueueMessagesWaiting  queue.o
    0x08017fe4   0x08017fe4   0x00000018   Code   RO         5349    i.uxQueueMessagesWaitingFromISR  queue.o
    0x08017ffc   0x08017ffc   0x00000018   Code   RO          726    i.vApplicationGetIdleTaskMemory  freertos.o
    0x08018014   0x08018014   0x00000016   Code   RO         5301    i.vListInitialise   list.o
    0x0801802a   0x0801802a   0x00000006   Code   RO         5302    i.vListInitialiseItem  list.o
    0x08018030   0x08018030   0x00000036   Code   RO         5303    i.vListInsert       list.o
    0x08018066   0x08018066   0x00000018   Code   RO         5304    i.vListInsertEnd    list.o
    0x0801807e   0x0801807e   0x00000002   PAD
    0x08018080   0x08018080   0x00000040   Code   RO         6412    i.vPortEnterCritical  port.o
    0x080180c0   0x080180c0   0x0000002c   Code   RO         6413    i.vPortExitCritical  port.o
    0x080180ec   0x080180ec   0x0000005c   Code   RO         6349    i.vPortFree         heap_4.o
    0x08018148   0x08018148   0x00000024   Code   RO         6414    i.vPortSetupTimerInterrupt  port.o
    0x0801816c   0x0801816c   0x00000054   Code   RO         6415    i.vPortValidateInterruptPriority  port.o
    0x080181c0   0x080181c0   0x00000032   Code   RO         5352    i.vQueueDelete      queue.o
    0x080181f2   0x080181f2   0x00000002   PAD
    0x080181f4   0x080181f4   0x00000028   Code   RO         5353    i.vQueueUnregisterQueue  queue.o
    0x0801821c   0x0801821c   0x00000050   Code   RO         5680    i.vTaskDelay        tasks.o
    0x0801826c   0x0801826c   0x00000010   Code   RO         5683    i.vTaskInternalSetTimeOutState  tasks.o
    0x0801827c   0x0801827c   0x0000000c   Code   RO         5684    i.vTaskMissedYield  tasks.o
    0x08018288   0x08018288   0x00000034   Code   RO         5686    i.vTaskPlaceOnEventList  tasks.o
    0x080182bc   0x080182bc   0x000000b0   Code   RO         5688    i.vTaskPriorityDisinheritAfterTimeout  tasks.o
    0x0801836c   0x0801836c   0x00000088   Code   RO         5693    i.vTaskStartScheduler  tasks.o
    0x080183f4   0x080183f4   0x00000010   Code   RO         5695    i.vTaskSuspendAll   tasks.o
    0x08018404   0x08018404   0x00000060   Code   RO         5696    i.vTaskSwitchContext  tasks.o
    0x08018464   0x08018464   0x000000b4   Code   RO         6416    i.xPortStartScheduler  port.o
    0x08018518   0x08018518   0x00000018   Code   RO         5354    i.xQueueCreateMutex  queue.o
    0x08018530   0x08018530   0x0000001c   Code   RO         5355    i.xQueueCreateMutexStatic  queue.o
    0x0801854c   0x0801854c   0x0000004a   Code   RO         5356    i.xQueueGenericCreate  queue.o
    0x08018596   0x08018596   0x00000070   Code   RO         5357    i.xQueueGenericCreateStatic  queue.o
    0x08018606   0x08018606   0x00000002   PAD
    0x08018608   0x08018608   0x00000090   Code   RO         5358    i.xQueueGenericReset  queue.o
    0x08018698   0x08018698   0x00000170   Code   RO         5359    i.xQueueGenericSend  queue.o
    0x08018808   0x08018808   0x000000bc   Code   RO         5360    i.xQueueGenericSendFromISR  queue.o
    0x080188c4   0x080188c4   0x000000a0   Code   RO         5361    i.xQueueGiveFromISR  queue.o
    0x08018964   0x08018964   0x00000148   Code   RO         5366    i.xQueueReceive     queue.o
    0x08018aac   0x08018aac   0x0000009a   Code   RO         5367    i.xQueueReceiveFromISR  queue.o
    0x08018b46   0x08018b46   0x00000002   PAD
    0x08018b48   0x08018b48   0x00000184   Code   RO         5368    i.xQueueSemaphoreTake  queue.o
    0x08018ccc   0x08018ccc   0x00000080   Code   RO         5697    i.xTaskCheckForTimeOut  tasks.o
    0x08018d4c   0x08018d4c   0x0000006c   Code   RO         5698    i.xTaskCreate       tasks.o
    0x08018db8   0x08018db8   0x00000060   Code   RO         5699    i.xTaskCreateStatic  tasks.o
    0x08018e18   0x08018e18   0x000000d0   Code   RO         5700    i.xTaskGenericNotify  tasks.o
    0x08018ee8   0x08018ee8   0x000000fc   Code   RO         5701    i.xTaskGenericNotifyFromISR  tasks.o
    0x08018fe4   0x08018fe4   0x0000001c   Code   RO         5703    i.xTaskGetSchedulerState  tasks.o
    0x08019000   0x08019000   0x0000000c   Code   RO         5704    i.xTaskGetTickCount  tasks.o
    0x0801900c   0x0801900c   0x00000010   Code   RO         5705    i.xTaskGetTickCountFromISR  tasks.o
    0x0801901c   0x0801901c   0x000000d0   Code   RO         5706    i.xTaskIncrementTick  tasks.o
    0x080190ec   0x080190ec   0x00000090   Code   RO         5708    i.xTaskNotifyWait   tasks.o
    0x0801917c   0x0801917c   0x0000009c   Code   RO         5709    i.xTaskPriorityDisinherit  tasks.o
    0x08019218   0x08019218   0x0000009c   Code   RO         5710    i.xTaskPriorityInherit  tasks.o
    0x080192b4   0x080192b4   0x00000078   Code   RO         5711    i.xTaskRemoveFromEventList  tasks.o
    0x0801932c   0x0801932c   0x000000cc   Code   RO         5712    i.xTaskResumeAll    tasks.o
    0x080193f8   0x080193f8   0x00000400   Data   RO          348    .constdata          syscontrol.o
    0x080197f8   0x080197f8   0x000000c4   Data   RO          728    .constdata          freertos.o
    0x080198bc   0x080198bc   0x00000018   Data   RO         5160    .constdata          system_stm32f1xx.o
    0x080198d4   0x080198d4   0x0000001c   Data   RO         6501    .constdata          ethernetif.o
    0x080198f0   0x080198f0   0x0000001c   Data   RO         6666    .constdata          lwip.o
    0x0801990c   0x0801990c   0x0000000c   Data   RO         7199    .constdata          ethernet.o
    0x08019918   0x08019918   0x00000044   Data   RO         7723    .constdata          err.o
    0x0801995c   0x0801995c   0x000000d0   Data   RO         8502    .constdata          memp.o
    0x08019a2c   0x08019a2c   0x00000050   Data   RO         9038    .constdata          tcp.o
    0x08019a7c   0x08019a7c   0x00000018   Data   RO         9492    .constdata          timeouts.o
    0x08019a94   0x08019a94   0x00000008   Data   RO         9948    .constdata          ip4_addr.o
    0x08019a9c   0x08019a9c   0x00000018   Data   RO        10292    .constdata          sys_arch.o
    0x08019ab4   0x08019ab4   0x00000050   Data   RO          729    .conststring        freertos.o
    0x08019b04   0x08019b04   0x00000006   Data   RO         6502    .conststring        ethernetif.o
    0x08019b0a   0x08019b0a   0x00000002   PAD
    0x08019b0c   0x08019b0c   0x00000008   Data   RO         6667    .conststring        lwip.o
    0x08019b14   0x08019b14   0x00000041   Data   RO         8349    .conststring        init.o
    0x08019b55   0x08019b55   0x00000003   PAD
    0x08019b58   0x08019b58   0x00000075   Data   RO         9039    .conststring        tcp.o
    0x08019bcd   0x08019bcd   0x00000003   PAD
    0x08019bd0   0x08019bd0   0x00000055   Data   RO         9388    .conststring        tcp_out.o
    0x08019c25   0x08019c25   0x00000003   PAD
    0x08019c28   0x08019c28   0x00000041   Data   RO         9741    .conststring        etharp.o
    0x08019c69   0x08019c69   0x00000003   PAD
    0x08019c6c   0x08019c6c   0x00000020   Data   RO        11419    Region$$Table       anon$$obj.o


    Execution Region RW_IRAM1 (Exec base: 0x20000000, Load base: 0x08019c8c, Size: 0x0000ea98, Max: 0x00010000, ABSOLUTE, COMPRESSED[0x00000064])

    Exec Addr    Load Addr    Size         Type   Attr      Idx    E Section Name        Object

    0x20000000   COMPRESSED   0x00000008   Data   RW           32    .data               ems.o
    0x20000008   COMPRESSED   0x00000022   Data   RW          349    .data               syscontrol.o
    0x2000002a   COMPRESSED   0x00000029   Data   RW          480    .data               mpptcon.o
    0x20000053   COMPRESSED   0x00000008   Data   RW          516    .data               main.o
    0x2000005b   COMPRESSED   0x00000001   PAD
    0x2000005c   COMPRESSED   0x00000028   Data   RW          730    .data               freertos.o
    0x20000084   COMPRESSED   0x00000004   Data   RW          841    .data               can.o
    0x20000088   COMPRESSED   0x00000009   Data   RW         1543    .data               stm32f1xx_hal.o
    0x20000091   COMPRESSED   0x00000003   PAD
    0x20000094   COMPRESSED   0x00000004   Data   RW         5161    .data               system_stm32f1xx.o
    0x20000098   COMPRESSED   0x0000003c   Data   RW         5715    .data               tasks.o
    0x200000d4   COMPRESSED   0x00000018   Data   RW         6354    .data               heap_4.o
    0x200000ec   COMPRESSED   0x0000000c   Data   RW         6417    .data               port.o
    0x200000f8   COMPRESSED   0x00000004   Data   RW         6503    .data               ethernetif.o
    0x200000fc   COMPRESSED   0x00000024   Data   RW         6668    .data               lwip.o
    0x20000120   COMPRESSED   0x00000001   Data   RW         7555    .data               api_msg.o
    0x20000121   COMPRESSED   0x00000003   PAD
    0x20000124   COMPRESSED   0x00000008   Data   RW         7906    .data               sockets.o
    0x2000012c   COMPRESSED   0x00000010   Data   RW         8108    .data               tcpip.o
    0x2000013c   COMPRESSED   0x00000010   Data   RW         8433    .data               mem.o
    0x2000014c   COMPRESSED   0x00000034   Data   RW         8503    .data               memp.o
    0x20000180   COMPRESSED   0x00000009   Data   RW         8616    .data               netif.o
    0x20000189   COMPRESSED   0x00000001   Data   RW         8765    .data               pbuf.o
    0x2000018a   COMPRESSED   0x00000002   PAD
    0x2000018c   COMPRESSED   0x00000020   Data   RW         9040    .data               tcp.o
    0x200001ac   COMPRESSED   0x00000028   Data   RW         9299    .data               tcp_in.o
    0x200001d4   COMPRESSED   0x0000000c   Data   RW         9493    .data               timeouts.o
    0x200001e0   COMPRESSED   0x00000008   Data   RW         9582    .data               udp.o
    0x200001e8   COMPRESSED   0x00000001   Data   RW         9742    .data               etharp.o
    0x200001e9   COMPRESSED   0x00000001   PAD
    0x200001ea   COMPRESSED   0x00000002   Data   RW         9893    .data               ip4.o
    0x200001ec   COMPRESSED   0x00000006   Data   RW        10017    .data               ip4_frag.o
    0x200001f2   COMPRESSED   0x00000002   PAD
    0x200001f4   COMPRESSED   0x00000008   Data   RW        10293    .data               sys_arch.o
    0x200001fc   COMPRESSED   0x00000008   Data   RW        10656    .data               dealusart_task.o
    0x20000204   COMPRESSED   0x00000026   Data   RW        10717    .data               eeprom.o
    0x2000022a   COMPRESSED   0x00000002   PAD
    0x2000022c   COMPRESSED   0x0000001c   Data   RW        10768    .data               can_task.o
    0x20000248   COMPRESSED   0x0000001c   Data   RW        10802    .data               can2_task.o
    0x20000264   COMPRESSED   0x00000002   Data   RW        10872    .data               lcd.o
    0x20000266   COMPRESSED   0x00000003   Data   RW        10907    .data               rtc_1.o
    0x20000269   COMPRESSED   0x00000006   Data   RW        10943    .data               bsmnet.o
    0x2000026f   COMPRESSED   0x00000001   PAD
    0x20000270   COMPRESSED   0x00000024   Data   RW        10995    .data               pcsnet.o
    0x20000294   COMPRESSED   0x00000004   Data   RW        11393    .data               mc_w.l(stdout.o)
    0x20000298        -       0x000004a6   Zero   RW          347    .bss                syscontrol.o
    0x2000073e   COMPRESSED   0x00000002   PAD
    0x20000740        -       0x00000254   Zero   RW          727    .bss                freertos.o
    0x20000994        -       0x00000074   Zero   RW          797    .bss                adc.o
    0x20000a08        -       0x00000050   Zero   RW          840    .bss                can.o
    0x20000a58        -       0x00000054   Zero   RW          913    .bss                i2c.o
    0x20000aac        -       0x00000014   Zero   RW          955    .bss                rtc.o
    0x20000ac0        -       0x00000048   Zero   RW          997    .bss                tim.o
    0x20000b08        -       0x00000110   Zero   RW         1042    .bss                usart.o
    0x20000c18        -       0x00000048   Zero   RW         1248    .bss                stm32f1xx_hal_timebase_tim.o
    0x20000c60        -       0x00000040   Zero   RW         5369    .bss                queue.o
    0x20000ca0        -       0x000000f0   Zero   RW         5714    .bss                tasks.o
    0x20000d90        -       0x00005000   Zero   RW         6353    .bss                heap_4.o
    0x20005d90        -       0x00004878   Zero   RW         6500    .bss                ethernetif.o
    0x2000a608        -       0x00000034   Zero   RW         6665    .bss                lwip.o
    0x2000a63c        -       0x00000050   Zero   RW         7905    .bss                sockets.o
    0x2000a68c        -       0x00000018   Zero   RW         8402    .bss                ip.o
    0x2000a6a4        -       0x00000653   Zero   RW         8432    .bss                mem.o
    0x2000acf7        -       0x00003087   Zero   RW         8501    .bss                memp.o
    0x2000dd7e   COMPRESSED   0x00000002   PAD
    0x2000dd80        -       0x00000010   Zero   RW         9298    .bss                tcp_in.o
    0x2000dd90        -       0x000000f0   Zero   RW         9740    .bss                etharp.o
    0x2000de80        -       0x0000019c   Zero   RW        10655    .bss                dealusart_task.o
    0x2000e01c        -       0x00000050   Zero   RW        10767    .bss                can_task.o
    0x2000e06c        -       0x0000006c   Zero   RW        10801    .bss                can2_task.o
    0x2000e0d8        -       0x00000190   Zero   RW        10871    .bss                lcd.o
    0x2000e268        -       0x0000000a   Zero   RW        10906    .bss                rtc_1.o
    0x2000e272   COMPRESSED   0x00000002   PAD
    0x2000e274        -       0x00000110   Zero   RW        10942    .bss                bsmnet.o
    0x2000e384        -       0x00000110   Zero   RW        10994    .bss                pcsnet.o
    0x2000e494        -       0x00000200   Zero   RW        11045    .bss                phy.o
    0x2000e694   COMPRESSED   0x00000004   PAD
    0x2000e698        -       0x00000400   Zero   RW            1    STACK               startup_stm32f107xc.o


==============================================================================

Image component sizes


      Code (inc. data)   RO Data    RW Data    ZI Data      Debug   Object Name

         0          0          0          0        116        218   adc.o
      3010       1574          0          0          0      33456   api_lib.o
      7942       2868          0          1          0      33908   api_msg.o
        64          8          0          0          0       4024   app_ethernet.o
       444         38          0          6        272       3273   bsmnet.o
       528         36          0          4         80       1999   can.o
        52         14          0         28        108       1240   can2_task.o
       124         42          0         28         80       1322   can_task.o
      1224         30          0          0          0      37461   cmsis_os.o
       592         66          0          8        412       4501   dealusart_task.o
        38          0          0          0          0       1010   def.o
        52          4          0          0          0        678   dma.o
       288         50          0         38          0      15311   eeprom.o
      2468        210          0          8          0     750831   ems.o
        32          6         68          0          0       3419   err.o
      3720       1180         65          1        240      11355   etharp.o
       460        152         12          0          0       2574   ethernet.o
      1796        194         34          4      18552       8490   ethernetif.o
         0          0          0          0          0       1596   ethernetif_template.o
         0          0          0          0          0      18060   event_groups.o
       324         58        276         40        596      17636   freertos.o
       456         24          0          0          0       1079   gpio.o
       492         32          0         24      20480       7171   heap_4.o
       200         28          0          0         84       1541   i2c.o
       932        350          0          0          0       4346   icmp.o
       160         92         65          0          0       6268   init.o
         0          0          0          0         24       3014   ip.o
      1058        182          0          2          0       4768   ip4.o
       630        120          8          0          0       8679   ip4_addr.o
      3250       1040          0          6          0      11482   ip4_frag.o
       472         50          0          2        400       2137   lcd.o
       144          0          0          0          0      11854   list.o
       644         52         36         36         52       6558   lwip.o
       266         16          0          8          0      27097   main.o
      2196        970          0         16       1619       5605   mem.o
       816        502        208         52      12423      10612   memp.o
      2028        188          0         41          0       2812   mpptcon.o
       412        238          0          0          0       3187   netbuf.o
       670        136          0          9          0      10747   netif.o
      4254       1836          0          1          0      21848   pbuf.o
      2736         94          0         36        272       4251   pcsnet.o
       174          4          0          0        512       2002   phy.o
       686         72          0         12          0      10821   port.o
      2494         28          0          0         64      23578   queue.o
       180         22          0          0         20       1459   rtc.o
       260         30          0          3         10        902   rtc_1.o
         0          0          0          0          0        576   slipif.o
      3756        726          0          8         80      30966   sockets.o
        36          8        336          0       1024        772   startup_stm32f107xc.o
       116         24          0          9          0       6098   stm32f1xx_hal.o
      2146          6          0          0          0      13051   stm32f1xx_hal_can.o
       252         22          0          0          0      28474   stm32f1xx_hal_cortex.o
      1430         20          0          0          0       2920   stm32f1xx_hal_dma.o
      3282         46          0          0          0      17267   stm32f1xx_hal_eth.o
       848         34          0          0          0       3764   stm32f1xx_hal_gpio.o
      1620         30          0          0          0       7707   stm32f1xx_hal_i2c.o
        96         10          0          0          0        830   stm32f1xx_hal_msp.o
        12          4          0          0          0        483   stm32f1xx_hal_pwr.o
      2260        132          0          0          0       6609   stm32f1xx_hal_rcc.o
      1080         64          0          0          0       2657   stm32f1xx_hal_rcc_ex.o
      1778         18          0          0          0      12304   stm32f1xx_hal_rtc.o
      1162         34          0          0          0       8719   stm32f1xx_hal_tim.o
       148         18          0          0          0       2265   stm32f1xx_hal_tim_ex.o
       136         18          0          0         72       1363   stm32f1xx_hal_timebase_tim.o
      1612         10          0          0          0       9117   stm32f1xx_hal_uart.o
       266         74          0          0          0       7734   stm32f1xx_it.o
         0          0          0          0          0        392   stream_buffer.o
       618         28         24          8          0      18816   sys_arch.o
      1826        166       1024         34       1190      16244   syscontrol.o
         2          0         24          4          0       1023   system_stm32f1xx.o
      3116        264          0         60        240      29031   tasks.o
      6548       2318        197         32          0      35612   tcp.o
      8068       1440          0         40         16      19911   tcp_in.o
      6006       1718         85          0          0      16287   tcp_out.o
      1100        564          0         16          0       7205   tcpip.o
       172         12          0          0         72       1514   tim.o
       828        246         24         12          0       6768   timeouts.o
      1566        294          0          8          0      13328   udp.o
       820         76          0          0        272       3499   usart.o

    ----------------------------------------------------------------------
    101582      21060       2532        660      59392    1479486   Object Totals
         0          0         32          0          0          0   (incl. Generated)
       108          0         14         15         10          0   (incl. Padding)

    ----------------------------------------------------------------------

      Code (inc. data)   RO Data    RW Data    ZI Data      Debug   Library Member Name

        86          0          0          0          0          0   __dczerorl2.o
         0          0          0          0          0          0   entry.o
         0          0          0          0          0          0   entry10a.o
         0          0          0          0          0          0   entry11a.o
         4          0          0          0          0          0   entry12b.o
         8          4          0          0          0          0   entry2.o
         4          0          0          0          0          0   entry5.o
         0          0          0          0          0          0   entry7b.o
         0          0          0          0          0          0   entry8b.o
         8          4          0          0          0          0   entry9a.o
        18          0          0          0          0         80   fputc.o
        30          0          0          0          0          0   handlers.o
        36          8          0          0          0         68   init.o
         0          0          0          0          0          0   iusefp.o
         0          0          0          0          0          0   iusesemip.o
        30          0          0          0          0         68   llshl.o
        32          0          0          0          0         68   llushr.o
        26          0          0          0          0         80   memcmp.o
        36          0          0          0          0         68   memcpya.o
        36          0          0          0          0        108   memseta.o
       472         14          0          0          0        184   printf3.o
         0          0          0          0          0          0   semi.o
         0          0          0          4          0          0   stdout.o
        44          0          0          0          0         80   uidiv.o
        98          0          0          0          0         92   uldiv.o
        20          0          0          0          0         68   cfrcmple.o
       176          0          0          0          0        140   fadd.o
       110          0          0          0          0        168   fepilogue.o
        50          0          0          0          0         68   ffixi.o
        40          0          0          0          0         68   ffixui.o
        18          0          0          0          0         68   fflti.o
        10          0          0          0          0         68   ffltui.o
       100          0          0          0          0         76   fmul.o

    ----------------------------------------------------------------------
      1498         30          0          4          0       1620   Library Totals
         6          0          0          0          0          0   (incl. Padding)

    ----------------------------------------------------------------------

      Code (inc. data)   RO Data    RW Data    ZI Data      Debug   Library Name

       968         30          0          4          0        896   mc_w.l
       524          0          0          0          0        724   mf_w.l

    ----------------------------------------------------------------------
      1498         30          0          4          0       1620   Library Totals

    ----------------------------------------------------------------------

==============================================================================


      Code (inc. data)   RO Data    RW Data    ZI Data      Debug   

    103080      21090       2532        664      59392    1450970   Grand Totals
    103080      21090       2532        100      59392    1450970   ELF Image Totals (compressed)
    103080      21090       2532        100          0          0   ROM Totals

==============================================================================

    Total RO  Size (Code + RO Data)               105612 ( 103.14kB)
    Total RW  Size (RW Data + ZI Data)             60056 (  58.65kB)
    Total ROM Size (Code + RO Data + RW Data)     105712 ( 103.23kB)

==============================================================================

